Archive member included to satisfy reference by file (symbol)

C:/ST/STM32CubeIDE_1.14.1/STM32CubeIDE/plugins/com.st.stm32cube.ide.mcu.externaltools.gnu-tools-for-stm32.11.3.rel1.win32_1.1.100.202309141235/tools/bin/../lib/gcc/arm-none-eabi/11.3.1/../../../../arm-none-eabi/lib/thumb/v7e-m+fp/hard\libc_nano.a(libc_a-exit.o)
                              C:/ST/STM32CubeIDE_1.14.1/STM32CubeIDE/plugins/com.st.stm32cube.ide.mcu.externaltools.gnu-tools-for-stm32.11.3.rel1.win32_1.1.100.202309141235/tools/bin/../lib/gcc/arm-none-eabi/11.3.1/../../../../arm-none-eabi/lib/thumb/v7e-m+fp/hard/crt0.o (exit)
C:/ST/STM32CubeIDE_1.14.1/STM32CubeIDE/plugins/com.st.stm32cube.ide.mcu.externaltools.gnu-tools-for-stm32.11.3.rel1.win32_1.1.100.202309141235/tools/bin/../lib/gcc/arm-none-eabi/11.3.1/../../../../arm-none-eabi/lib/thumb/v7e-m+fp/hard\libc_nano.a(libc_a-rand.o)
                              ./Application/User/app_bluenrg_2.o (srand)
C:/ST/STM32CubeIDE_1.14.1/STM32CubeIDE/plugins/com.st.stm32cube.ide.mcu.externaltools.gnu-tools-for-stm32.11.3.rel1.win32_1.1.100.202309141235/tools/bin/../lib/gcc/arm-none-eabi/11.3.1/../../../../arm-none-eabi/lib/thumb/v7e-m+fp/hard\libc_nano.a(libc_a-nano-vfprintf_float.o)
                              (_printf_float)
C:/ST/STM32CubeIDE_1.14.1/STM32CubeIDE/plugins/com.st.stm32cube.ide.mcu.externaltools.gnu-tools-for-stm32.11.3.rel1.win32_1.1.100.202309141235/tools/bin/../lib/gcc/arm-none-eabi/11.3.1/../../../../arm-none-eabi/lib/thumb/v7e-m+fp/hard\libc_nano.a(libc_a-nano-vfprintf_i.o)
                              C:/ST/STM32CubeIDE_1.14.1/STM32CubeIDE/plugins/com.st.stm32cube.ide.mcu.externaltools.gnu-tools-for-stm32.11.3.rel1.win32_1.1.100.202309141235/tools/bin/../lib/gcc/arm-none-eabi/11.3.1/../../../../arm-none-eabi/lib/thumb/v7e-m+fp/hard\libc_nano.a(libc_a-nano-vfprintf_float.o) (_printf_common)
C:/ST/STM32CubeIDE_1.14.1/STM32CubeIDE/plugins/com.st.stm32cube.ide.mcu.externaltools.gnu-tools-for-stm32.11.3.rel1.win32_1.1.100.202309141235/tools/bin/../lib/gcc/arm-none-eabi/11.3.1/../../../../arm-none-eabi/lib/thumb/v7e-m+fp/hard\libc_nano.a(libc_a-findfp.o)
                              C:/ST/STM32CubeIDE_1.14.1/STM32CubeIDE/plugins/com.st.stm32cube.ide.mcu.externaltools.gnu-tools-for-stm32.11.3.rel1.win32_1.1.100.202309141235/tools/bin/../lib/gcc/arm-none-eabi/11.3.1/../../../../arm-none-eabi/lib/thumb/v7e-m+fp/hard\libc_nano.a(libc_a-exit.o) (__stdio_exit_handler)
C:/ST/STM32CubeIDE_1.14.1/STM32CubeIDE/plugins/com.st.stm32cube.ide.mcu.externaltools.gnu-tools-for-stm32.11.3.rel1.win32_1.1.100.202309141235/tools/bin/../lib/gcc/arm-none-eabi/11.3.1/../../../../arm-none-eabi/lib/thumb/v7e-m+fp/hard\libc_nano.a(libc_a-fwalk.o)
                              C:/ST/STM32CubeIDE_1.14.1/STM32CubeIDE/plugins/com.st.stm32cube.ide.mcu.externaltools.gnu-tools-for-stm32.11.3.rel1.win32_1.1.100.202309141235/tools/bin/../lib/gcc/arm-none-eabi/11.3.1/../../../../arm-none-eabi/lib/thumb/v7e-m+fp/hard\libc_nano.a(libc_a-findfp.o) (_fwalk_sglue)
C:/ST/STM32CubeIDE_1.14.1/STM32CubeIDE/plugins/com.st.stm32cube.ide.mcu.externaltools.gnu-tools-for-stm32.11.3.rel1.win32_1.1.100.202309141235/tools/bin/../lib/gcc/arm-none-eabi/11.3.1/../../../../arm-none-eabi/lib/thumb/v7e-m+fp/hard\libc_nano.a(libc_a-sprintf.o)
                              ./Application/User/app_bluenrg_2.o (sprintf)
C:/ST/STM32CubeIDE_1.14.1/STM32CubeIDE/plugins/com.st.stm32cube.ide.mcu.externaltools.gnu-tools-for-stm32.11.3.rel1.win32_1.1.100.202309141235/tools/bin/../lib/gcc/arm-none-eabi/11.3.1/../../../../arm-none-eabi/lib/thumb/v7e-m+fp/hard\libc_nano.a(libc_a-stdio.o)
                              C:/ST/STM32CubeIDE_1.14.1/STM32CubeIDE/plugins/com.st.stm32cube.ide.mcu.externaltools.gnu-tools-for-stm32.11.3.rel1.win32_1.1.100.202309141235/tools/bin/../lib/gcc/arm-none-eabi/11.3.1/../../../../arm-none-eabi/lib/thumb/v7e-m+fp/hard\libc_nano.a(libc_a-findfp.o) (__sread)
C:/ST/STM32CubeIDE_1.14.1/STM32CubeIDE/plugins/com.st.stm32cube.ide.mcu.externaltools.gnu-tools-for-stm32.11.3.rel1.win32_1.1.100.202309141235/tools/bin/../lib/gcc/arm-none-eabi/11.3.1/../../../../arm-none-eabi/lib/thumb/v7e-m+fp/hard\libc_nano.a(libc_a-memset.o)
                              C:/ST/STM32CubeIDE_1.14.1/STM32CubeIDE/plugins/com.st.stm32cube.ide.mcu.externaltools.gnu-tools-for-stm32.11.3.rel1.win32_1.1.100.202309141235/tools/bin/../lib/gcc/arm-none-eabi/11.3.1/../../../../arm-none-eabi/lib/thumb/v7e-m+fp/hard/crt0.o (memset)
C:/ST/STM32CubeIDE_1.14.1/STM32CubeIDE/plugins/com.st.stm32cube.ide.mcu.externaltools.gnu-tools-for-stm32.11.3.rel1.win32_1.1.100.202309141235/tools/bin/../lib/gcc/arm-none-eabi/11.3.1/../../../../arm-none-eabi/lib/thumb/v7e-m+fp/hard\libc_nano.a(libc_a-localeconv.o)
[...]
Memory Configuration

Name             Origin             Length             Attributes
RAM              0x0000000020000000 0x0000000000018000 xrw
RAM2             0x0000000010000000 0x0000000000008000 xrw
FLASH            0x0000000008000000 0x0000000000100000 xr
*default*        0x0000000000000000 0xffffffffffffffff

Linker script and memory map

LOAD C:/ST/STM32CubeIDE_1.14.1/STM32CubeIDE/plugins/com.st.stm32cube.ide.mcu.externaltools.gnu-tools-for-stm32.11.3.rel1.win32_1.1.100.202309141235/tools/bin/../lib/gcc/arm-none-eabi/11.3.1/thumb/v7e-m+fp/hard/crti.o
LOAD C:/ST/STM32CubeIDE_1.14.1/STM32CubeIDE/plugins/com.st.stm32cube.ide.mcu.externaltools.gnu-tools-for-stm32.11.3.rel1.win32_1.1.100.202309141235/tools/bin/../lib/gcc/arm-none-eabi/11.3.1/thumb/v7e-m+fp/hard/crtbegin.o
LOAD C:/ST/STM32CubeIDE_1.14.1/STM32CubeIDE/plugins/com.st.stm32cube.ide.mcu.externaltools.gnu-tools-for-stm32.11.3.rel1.win32_1.1.100.202309141235/tools/bin/../lib/gcc/arm-none-eabi/11.3.1/../../../../arm-none-eabi/lib/thumb/v7e-m+fp/hard/crt0.o
LOAD ./Application/Startup/startup_stm32l476rgtx.o
LOAD ./Application/User/app_bluenrg_2.o
LOAD ./Application/User/bsp.o
LOAD ./Application/User/gatt_db.o
LOAD ./Application/User/gpio.o
LOAD ./Application/User/hci_tl_interface.o
LOAD ./Application/User/i2c.o
LOAD ./Application/User/main.o
LOAD ./Application/User/sensor.o
LOAD ./Application/User/stm32l4xx_hal_msp.o
LOAD ./Application/User/stm32l4xx_it.o
LOAD ./Application/User/stm32l4xx_nucleo_bus.o
LOAD ./Application/User/syscalls.o
LOAD ./Application/User/sysmem.o
LOAD ./Drivers/BSP/STM32L4xx_Nucleo/stm32l4xx_nucleo.o
LOAD ./Drivers/CMSIS/system_stm32l4xx.o
LOAD ./Drivers/HTS221/hts221_reg.o
LOAD ./Drivers/LPS22HH/lps22hh_reg.o
LOAD ./Drivers/STM32L4xx_HAL_Driver/stm32l4xx_hal.o
LOAD ./Drivers/STM32L4xx_HAL_Driver/stm32l4xx_hal_cortex.o
LOAD ./Drivers/STM32L4xx_HAL_Driver/stm32l4xx_hal_dma.o
LOAD ./Drivers/STM32L4xx_HAL_Driver/stm32l4xx_hal_dma_ex.o
LOAD ./Drivers/STM32L4xx_HAL_Driver/stm32l4xx_hal_exti.o
LOAD ./Drivers/STM32L4xx_HAL_Driver/stm32l4xx_hal_flash.o
LOAD ./Drivers/STM32L4xx_HAL_Driver/stm32l4xx_hal_flash_ex.o
LOAD ./Drivers/STM32L4xx_HAL_Driver/stm32l4xx_hal_flash_ramfunc.o
LOAD ./Drivers/STM32L4xx_HAL_Driver/stm32l4xx_hal_gpio.o
LOAD ./Drivers/STM32L4xx_HAL_Driver/stm32l4xx_hal_i2c.o
LOAD ./Drivers/STM32L4xx_HAL_Driver/stm32l4xx_hal_i2c_ex.o
LOAD ./Drivers/STM32L4xx_HAL_Driver/stm32l4xx_hal_pwr.o
LOAD ./Drivers/STM32L4xx_HAL_Driver/stm32l4xx_hal_pwr_ex.o
LOAD ./Drivers/STM32L4xx_HAL_Driver/stm32l4xx_hal_rcc.o
LOAD ./Drivers/STM32L4xx_HAL_Driver/stm32l4xx_hal_rcc_ex.o
LOAD ./Drivers/STM32L4xx_HAL_Driver/stm32l4xx_hal_spi.o
LOAD ./Drivers/STM32L4xx_HAL_Driver/stm32l4xx_hal_spi_ex.o
LOAD ./Drivers/STM32L4xx_HAL_Driver/stm32l4xx_hal_tim.o
LOAD ./Drivers/STM32L4xx_HAL_Driver/stm32l4xx_hal_tim_ex.o
LOAD ./Drivers/STM32L4xx_HAL_Driver/stm32l4xx_hal_uart.o
LOAD ./Drivers/STM32L4xx_HAL_Driver/stm32l4xx_hal_uart_ex.o
LOAD ./Middlewares/BlueNRG-2/Wireless/BlueNRG-2/Controller/bluenrg1_gap_aci.o
LOAD ./Middlewares/BlueNRG-2/Wireless/BlueNRG-2/Controller/bluenrg1_gatt_aci.o
LOAD ./Middlewares/BlueNRG-2/Wireless/BlueNRG-2/Controller/bluenrg1_hal_aci.o
LOAD ./Middlewares/BlueNRG-2/Wireless/BlueNRG-2/Controller/bluenrg1_l2cap_aci.o
LOAD ./Middlewares/BlueNRG-2/Wireless/BlueNRG-2/HCI_TL/Basic/bluenrg1_devConfig.o
LOAD ./Middlewares/BlueNRG-2/Wireless/BlueNRG-2/HCI_TL/Basic/bluenrg1_events.o
LOAD ./Middlewares/BlueNRG-2/Wireless/BlueNRG-2/HCI_TL/Basic/bluenrg1_events_cb.o
LOAD ./Middlewares/BlueNRG-2/Wireless/BlueNRG-2/HCI_TL/Basic/bluenrg1_hci_le.o
LOAD ./Middlewares/BlueNRG-2/Wireless/BlueNRG-2/HCI_TL/Basic/hci_tl.o
LOAD ./Middlewares/BlueNRG-2/Wireless/BlueNRG-2/Utils/ble_list.o
START GROUP
LOAD C:/ST/STM32CubeIDE_1.14.1/STM32CubeIDE/plugins/com.st.stm32cube.ide.mcu.externaltools.gnu-tools-for-stm32.11.3.rel1.win32_1.1.100.202309141235/tools/bin/../lib/gcc/arm-none-eabi/11.3.1/../../../../arm-none-eabi/lib/thumb/v7e-m+fp/hard\libc_nano.a
LOAD C:/ST/STM32CubeIDE_1.14.1/STM32CubeIDE/plugins/com.st.stm32cube.ide.mcu.externaltools.gnu-tools-for-stm32.11.3.rel1.win32_1.1.100.202309141235/tools/bin/../lib/gcc/arm-none-eabi/11.3.1/../../../../arm-none-eabi/lib/thumb/v7e-m+fp/hard\libm.a
END GROUP
START GROUP
LOAD C:/ST/STM32CubeIDE_1.14.1/STM32CubeIDE/plugins/com.st.stm32cube.ide.mcu.externaltools.gnu-tools-for-stm32.11.3.rel1.win32_1.1.100.202309141235/tools/bin/../lib/gcc/arm-none-eabi/11.3.1/thumb/v7e-m+fp/hard\libgcc.a
LOAD C:/ST/STM32CubeIDE_1.14.1/STM32CubeIDE/plugins/com.st.stm32cube.ide.mcu.externaltools.gnu-tools-for-stm32.11.3.rel1.win32_1.1.100.202309141235/tools/bin/../lib/gcc/arm-none-eabi/11.3.1/../../../../arm-none-eabi/lib/thumb/v7e-m+fp/hard\libc_nano.a
END GROUP
START GROUP
LOAD C:/ST/STM32CubeIDE_1.14.1/STM32CubeIDE/plugins/com.st.stm32cube.ide.mcu.externaltools.gnu-tools-for-stm32.11.3.rel1.win32_1.1.100.202309141235/tools/bin/../lib/gcc/arm-none-eabi/11.3.1/thumb/v7e-m+fp/hard\libgcc.a
LOAD C:/ST/STM32CubeIDE_1.14.1/STM32CubeIDE/plugins/com.st.stm32cube.ide.mcu.externaltools.gnu-tools-for-stm32.11.3.rel1.win32_1.1.100.202309141235/tools/bin/../lib/gcc/arm-none-eabi/11.3.1/../../../../arm-none-eabi/lib/thumb/v7e-m+fp/hard\libc_nano.a
LOAD C:/ST/STM32CubeIDE_1.14.1/STM32CubeIDE/plugins/com.st.stm32cube.ide.mcu.externaltools.gnu-tools-for-stm32.11.3.rel1.win32_1.1.100.202309141235/tools/bin/../lib/gcc/arm-none-eabi/11.3.1/../../../../arm-none-eabi/lib/thumb/v7e-m+fp/hard\libnosys.a
END GROUP
START GROUP
LOAD C:/ST/STM32CubeIDE_1.14.1/STM32CubeIDE/plugins/com.st.stm32cube.ide.mcu.externaltools.gnu-tools-for-stm32.11.3.rel1.win32_1.1.100.202309141235/tools/bin/../lib/gcc/arm-none-eabi/11.3.1/thumb/v7e-m+fp/hard\libgcc.a
LOAD C:/ST/STM32CubeIDE_1.14.1/STM32CubeIDE/plugins/com.st.stm32cube.ide.mcu.externaltools.gnu-tools-for-stm32.11.3.rel1.win32_1.1.100.202309141235/tools/bin/../lib/gcc/arm-none-eabi/11.3.1/../../../../arm-none-eabi/lib/thumb/v7e-m+fp/hard\libc_nano.a
LOAD C:/ST/STM32CubeIDE_1.14.1/STM32CubeIDE/plugins/com.st.stm32cube.ide.mcu.externaltools.gnu-tools-for-stm32.11.3.rel1.win32_1.1.100.202309141235/tools/bin/../lib/gcc/arm-none-eabi/11.3.1/../../../../arm-none-eabi/lib/thumb/v7e-m+fp/hard\libnosys.a
END GROUP
LOAD C:/ST/STM32CubeIDE_1.14.1/STM32CubeIDE/plugins/com.st.stm32cube.ide.mcu.externaltools.gnu-tools-for-stm32.11.3.rel1.win32_1.1.100.202309141235/tools/bin/../lib/gcc/arm-none-eabi/11.3.1/thumb/v7e-m+fp/hard/crtend.o
LOAD C:/ST/STM32CubeIDE_1.14.1/STM32CubeIDE/plugins/com.st.stm32cube.ide.mcu.externaltools.gnu-tools-for-stm32.11.3.rel1.win32_1.1.100.202309141235/tools/bin/../lib/gcc/arm-none-eabi/11.3.1/thumb/v7e-m+fp/hard/crtn.o
                0x0000000020018000                _estack = (ORIGIN (RAM) + LENGTH (RAM))
                0x0000000000000400                _Min_Heap_Size = 0x400
                0x0000000000000800                _Min_Stack_Size = 0x800

.isr_vector     0x0000000008000000      0x188
                0x0000000008000000                . = ALIGN (0x4)
 *(.isr_vector)
 .isr_vector    0x0000000008000000      0x188 ./Application/Startup/startup_stm32l476rgtx.o
                0x0000000008000000                g_pfnVectors
                0x0000000008000188                . = ALIGN (0x4)

.text           0x0000000008000190     0xe1e0
                0x0000000008000190                . = ALIGN (0x4)
 *(.text)
 .text          0x0000000008000190       0x40 C:/ST/STM32CubeIDE_1.14.1/STM32CubeIDE/plugins/com.st.stm32cube.ide.mcu.externaltools.gnu-tools-for-stm32.11.3.rel1.win32_1.1.100.202309141235/tools/bin/../lib/gcc/arm-none-eabi/11.3.1/thumb/v7e-m+fp/hard/crtbegin.o
 .text          0x00000000080001d0       0xa0 C:/ST/STM32CubeIDE_1.14.1/STM32CubeIDE/plugins/com.st.stm32cube.ide.mcu.externaltools.gnu-tools-for-stm32.11.3.rel1.win32_1.1.100.202309141235/tools/bin/../lib/gcc/arm-none-eabi/11.3.1/../../../../arm-none-eabi/lib/thumb/v7e-m+fp/hard\libc_nano.a(libc_a-memchr.o)
                0x00000000080001d0                memchr
 .text          0x0000000008000270       0x10 C:/ST/STM32CubeIDE_1.14.1/STM32CubeIDE/plugins/com.st.stm32cube.ide.mcu.externaltools.gnu-tools-for-stm32.11.3.rel1.win32_1.1.100.202309141235/tools/bin/../lib/gcc/arm-none-eabi/11.3.1/../../../../arm-none-eabi/lib/thumb/v7e-m+fp/hard\libc_nano.a(libc_a-strlen.o)
                0x0000000008000270                strlen
 .text          0x0000000008000280      0x378 C:/ST/STM32CubeIDE_1.14.1/STM32CubeIDE/plugins/com.st.stm32cube.ide.mcu.externaltools.gnu-tools-for-stm32.11.3.rel1.win32_1.1.100.202309141235/tools/bin/../lib/gcc/arm-none-eabi/11.3.1/thumb/v7e-m+fp/hard\libgcc.a(_arm_addsubdf3.o)
                0x0000000008000280                __aeabi_drsub
                0x0000000008000288                __aeabi_dsub
                0x0000000008000288                __subdf3
                0x000000000800028c                __aeabi_dadd
                0x000000000800028c                __adddf3
                0x0000000008000504                __floatunsidf
                0x0000000008000504                __aeabi_ui2d
                0x0000000008000524                __floatsidf
                0x0000000008000524                __aeabi_i2d
                0x0000000008000548                __aeabi_f2d
                0x0000000008000548                __extendsfdf2
                0x000000000800058c                __floatundidf
                0x000000000800058c                __aeabi_ul2d
                0x000000000800059c                __floatdidf
                0x000000000800059c                __aeabi_l2d
 .text          0x00000000080005f8      0x424 C:/ST/STM32CubeIDE_1.14.1/STM32CubeIDE/plugins/com.st.stm32cube.ide.mcu.externaltools.gnu-tools-for-stm32.11.3.rel1.win32_1.1.100.202309141235/tools/bin/../lib/gcc/arm-none-eabi/11.3.1/thumb/v7e-m+fp/hard\libgcc.a(_arm_muldivdf3.o)
                0x00000000080005f8                __aeabi_dmul
                0x00000000080005f8                __muldf3
                0x000000000800084c                __divdf3
                0x000000000800084c                __aeabi_ddiv
 .text          0x0000000008000a1c      0x110 C:/ST/STM32CubeIDE_1.14.1/STM32CubeIDE/plugins/com.st.stm32cube.ide.mcu.externaltools.gnu-tools-for-stm32.11.3.rel1.win32_1.1.100.202309141235/tools/bin/../lib/gcc/arm-none-eabi/11.3.1/thumb/v7e-m+fp/hard\libgcc.a(_arm_cmpdf2.o)
                0x0000000008000a1c                __gtdf2
                0x0000000008000a1c                __gedf2
                0x0000000008000a24                __ltdf2
                0x0000000008000a24                __ledf2
                0x0000000008000a2c                __nedf2
                0x0000000008000a2c                __eqdf2
                0x0000000008000a2c                __cmpdf2
                0x0000000008000aa8                __aeabi_cdrcmple
                0x0000000008000ab8                __aeabi_cdcmpeq
                0x0000000008000ab8                __aeabi_cdcmple
                0x0000000008000ac8                __aeabi_dcmpeq
                0x0000000008000adc                __aeabi_dcmplt
                0x0000000008000af0                __aeabi_dcmple
                0x0000000008000b04                __aeabi_dcmpge
                0x0000000008000b18                __aeabi_dcmpgt
 .text          0x0000000008000b2c       0x2c C:/ST/STM32CubeIDE_1.14.1/STM32CubeIDE/plugins/com.st.stm32cube.ide.mcu.externaltools.gnu-tools-for-stm32.11.3.rel1.win32_1.1.100.202309141235/tools/bin/../lib/gcc/arm-none-eabi/11.3.1/thumb/v7e-m+fp/hard\libgcc.a(_arm_unorddf2.o)
                0x0000000008000b2c                __unorddf2
                0x0000000008000b2c                __aeabi_dcmpun
 .text          0x0000000008000b58       0x50 C:/ST/STM32CubeIDE_1.14.1/STM32CubeIDE/plugins/com.st.stm32cube.ide.mcu.externaltools.gnu-tools-for-stm32.11.3.rel1.win32_1.1.100.202309141235/tools/bin/../lib/gcc/arm-none-eabi/11.3.1/thumb/v7e-m+fp/hard\libgcc.a(_arm_fixdfsi.o)
                0x0000000008000b58                __aeabi_d2iz
                0x0000000008000b58                __fixdfsi
 .text          0x0000000008000ba8       0xa0 C:/ST/STM32CubeIDE_1.14.1/STM32CubeIDE/plugins/com.st.stm32cube.ide.mcu.externaltools.gnu-tools-for-stm32.11.3.rel1.win32_1.1.100.202309141235/tools/bin/../lib/gcc/arm-none-eabi/11.3.1/thumb/v7e-m+fp/hard\libgcc.a(_arm_truncdfsf2.o)
                0x0000000008000ba8                __truncdfsf2
                0x0000000008000ba8                __aeabi_d2f
 .text          0x0000000008000c48       0x30 C:/ST/STM32CubeIDE_1.14.1/STM32CubeIDE/plugins/com.st.stm32cube.ide.mcu.externaltools.gnu-tools-for-stm32.11.3.rel1.win32_1.1.100.202309141235/tools/bin/../lib/gcc/arm-none-eabi/11.3.1/thumb/v7e-m+fp/hard\libgcc.a(_aeabi_uldivmod.o)
                0x0000000008000c48                __aeabi_uldivmod
 .text          0x0000000008000c78      0x2c8 C:/ST/STM32CubeIDE_1.14.1/STM32CubeIDE/plugins/com.st.stm32cube.ide.mcu.externaltools.gnu-tools-for-stm32.11.3.rel1.win32_1.1.100.202309141235/tools/bin/../lib/gcc/arm-none-eabi/11.3.1/thumb/v7e-m+fp/hard\libgcc.a(_udivmoddi4.o)
                0x0000000008000c78                __udivmoddi4
 .text          0x0000000008000f40        0x4 C:/ST/STM32CubeIDE_1.14.1/STM32CubeIDE/plugins/com.st.stm32cube.ide.mcu.externaltools.gnu-tools-for-stm32.11.3.rel1.win32_1.1.100.202309141235/tools/bin/../lib/gcc/arm-none-eabi/11.3.1/thumb/v7e-m+fp/hard\libgcc.a(_dvmd_tls.o)
                0x0000000008000f40                __aeabi_idiv0
                0x0000000008000f40                __aeabi_ldiv0
 *(.text*)
 .text.Reset_Handler
                0x0000000008000f44       0x50 ./Application/Startup/startup_stm32l476rgtx.o
                0x0000000008000f44                Reset_Handler
 .text.Default_Handler
                0x0000000008000f94        0x2 ./Application/Startup/startup_stm32l476rgtx.o
                0x0000000008000f94                RTC_Alarm_IRQHandler
                0x0000000008000f94                EXTI2_IRQHandler
                0x0000000008000f94                TIM8_TRG_COM_IRQHandler
                0x0000000008000f94                TIM8_CC_IRQHandler
                0x0000000008000f94                TIM1_CC_IRQHandler
                0x0000000008000f94                TSC_IRQHandler
                0x0000000008000f94                TAMP_STAMP_IRQHandler
                0x0000000008000f94                EXTI3_IRQHandler
                0x0000000008000f94                LPTIM2_IRQHandler
                0x0000000008000f94                DFSDM1_FLT1_IRQHandler
                0x0000000008000f94                I2C3_ER_IRQHandler
                0x0000000008000f94                DFSDM1_FLT2_IRQHandler
                0x0000000008000f94                I2C2_EV_IRQHandler
                0x0000000008000f94                CAN1_RX0_IRQHandler
                0x0000000008000f94                FPU_IRQHandler
                0x0000000008000f94                TIM1_UP_TIM16_IRQHandler
                0x0000000008000f94                ADC1_2_IRQHandler
                0x0000000008000f94                SPI1_IRQHandler
                0x0000000008000f94                TIM6_DAC_IRQHandler
                0x0000000008000f94                TIM8_UP_IRQHandler
                0x0000000008000f94                DMA2_Channel2_IRQHandler
                0x0000000008000f94                DMA1_Channel4_IRQHandler
                0x0000000008000f94                SAI2_IRQHandler
                0x0000000008000f94                DFSDM1_FLT3_IRQHandler
                0x0000000008000f94                USART3_IRQHandler
                0x0000000008000f94                DMA1_Channel7_IRQHandler
                0x0000000008000f94                CAN1_RX1_IRQHandler
                0x0000000008000f94                LCD_IRQHandler
                0x0000000008000f94                UART5_IRQHandler
                0x0000000008000f94                ADC3_IRQHandler
                0x0000000008000f94                TIM4_IRQHandler
                0x0000000008000f94                DMA2_Channel1_IRQHandler
                0x0000000008000f94                QUADSPI_IRQHandler
                0x0000000008000f94                I2C1_EV_IRQHandler
                0x0000000008000f94                DMA1_Channel6_IRQHandler
                0x0000000008000f94                UART4_IRQHandler
                0x0000000008000f94                DMA2_Channel4_IRQHandler
                0x0000000008000f94                TIM3_IRQHandler
                0x0000000008000f94                RCC_IRQHandler
                0x0000000008000f94                DMA1_Channel1_IRQHandler
                0x0000000008000f94                Default_Handler
                0x0000000008000f94                DMA2_Channel7_IRQHandler
                0x0000000008000f94                TIM7_IRQHandler
                0x0000000008000f94                SDMMC1_IRQHandler
                0x0000000008000f94                TIM5_IRQHandler
                0x0000000008000f94                I2C3_EV_IRQHandler
                0x0000000008000f94                EXTI9_5_IRQHandler
                0x0000000008000f94                RTC_WKUP_IRQHandler
                0x0000000008000f94                PVD_PVM_IRQHandler
                0x0000000008000f94                SPI2_IRQHandler
                0x0000000008000f94                CAN1_TX_IRQHandler
                0x0000000008000f94                DMA2_Channel5_IRQHandler
                0x0000000008000f94                DMA1_Channel5_IRQHandler
                0x0000000008000f94                EXTI4_IRQHandler
                0x0000000008000f94                RNG_IRQHandler
                0x0000000008000f94                TIM1_TRG_COM_TIM17_IRQHandler
                0x0000000008000f94                DMA1_Channel3_IRQHandler
                0x0000000008000f94                COMP_IRQHandler
                0x0000000008000f94                WWDG_IRQHandler
                0x0000000008000f94                LPUART1_IRQHandler
                0x0000000008000f94                DMA2_Channel6_IRQHandler
                0x0000000008000f94                TIM2_IRQHandler
                0x0000000008000f94                EXTI1_IRQHandler
                0x0000000008000f94                USART2_IRQHandler
                0x0000000008000f94                DFSDM1_FLT0_IRQHandler
                0x0000000008000f94                I2C2_ER_IRQHandler
                0x0000000008000f94                DMA1_Channel2_IRQHandler
                0x0000000008000f94                TIM8_BRK_IRQHandler
                0x0000000008000f94                CAN1_SCE_IRQHandler
                0x0000000008000f94                FLASH_IRQHandler
                0x0000000008000f94                USART1_IRQHandler
                0x0000000008000f94                OTG_FS_IRQHandler
                0x0000000008000f94                SPI3_IRQHandler
                0x0000000008000f94                I2C1_ER_IRQHandler
                0x0000000008000f94                FMC_IRQHandler
                0x0000000008000f94                SWPMI1_IRQHandler
                0x0000000008000f94                LPTIM1_IRQHandler
                0x0000000008000f94                SAI1_IRQHandler
                0x0000000008000f94                DMA2_Channel3_IRQHandler
                0x0000000008000f94                TIM1_BRK_TIM15_IRQHandler
 .text.linear_interpolation
                0x0000000008000f96       0x7a ./Application/User/app_bluenrg_2.o
                0x0000000008000f96                linear_interpolation
 .text.MX_BlueNRG_2_Init
                0x0000000008001010      0x174 ./Application/User/app_bluenrg_2.o
                0x0000000008001010                MX_BlueNRG_2_Init
 .text.MX_BlueNRG_2_Process
                0x0000000008001184       0x10 ./Application/User/app_bluenrg_2.o
                0x0000000008001184                MX_BlueNRG_2_Process
 .text.User_Init
                0x0000000008001194       0x1c ./Application/User/app_bluenrg_2.o
 .text.Sensor_DeviceInit
                0x00000000080011b0      0x128 ./Application/User/app_bluenrg_2.o
 .text.User_Process
                0x00000000080012d8       0xf0 ./Application/User/app_bluenrg_2.o
 .text.read_temperature_and_pression
                0x00000000080013c8      0x1d4 ./Application/User/app_bluenrg_2.o
                0x00000000080013c8                read_temperature_and_pression
 .text.Set_Random_Motion_Values
                0x000000000800159c     0x10dc ./Application/User/app_bluenrg_2.o
 .text.Reset_Motion_Values
                0x0000000008002678      0x1d4 ./Application/User/app_bluenrg_2.o
 .text.getBlueNRGVersion
                0x000000000800284c       0x88 ./Application/User/app_bluenrg_2.o
                0x000000000800284c                getBlueNRGVersion
 .text.BSP_PB_Callback
                0x00000000080028d4       0x20 ./Application/User/app_bluenrg_2.o
                0x00000000080028d4                BSP_PB_Callback
 .text.platform_write
                0x00000000080028f4       0x42 ./Application/User/app_bluenrg_2.o
 .text.platform_read
                0x0000000008002936       0x42 ./Application/User/app_bluenrg_2.o
 .text.platform_write_lps
                0x0000000008002978       0x3a ./Application/User/app_bluenrg_2.o
 .text.platform_read_lps
                0x00000000080029b2       0x3a ./Application/User/app_bluenrg_2.o
 .text.hci_le_connection_complete_event
                0x00000000080029ec       0x40 ./Application/User/app_bluenrg_2.o
                0x00000000080029ec                hci_le_connection_complete_event
 .text.hci_disconnection_complete_event
                0x0000000008002a2c       0x40 ./Application/User/app_bluenrg_2.o
                0x0000000008002a2c                hci_disconnection_complete_event
 .text.aci_gatt_read_permit_req_event
                0x0000000008002a6c       0x22 ./Application/User/app_bluenrg_2.o
                0x0000000008002a6c                aci_gatt_read_permit_req_event
 *fill*         0x0000000008002a8e        0x2 
 .text.Add_HWServW2ST_Service
                0x0000000008002a90      0x1c0 ./Application/User/gatt_db.o
                0x0000000008002a90                Add_HWServW2ST_Service
 .text.Add_SWServW2ST_Service
                0x0000000008002c50      0x120 ./Application/User/gatt_db.o
                0x0000000008002c50                Add_SWServW2ST_Service
 .text.Acc_Update
                0x0000000008002d70      0x114 ./Application/User/gatt_db.o
                0x0000000008002d70                Acc_Update
 .text.Quat_Update
                0x0000000008002e84       0x8c ./Application/User/gatt_db.o
                0x0000000008002e84                Quat_Update
 .text.Read_Request_CB
                0x0000000008002f10      0x1b0 ./Application/User/gatt_db.o
                0x0000000008002f10                Read_Request_CB
 .text.Environmental_Update
                0x00000000080030c0       0xa4 ./Application/User/gatt_db.o
                0x00000000080030c0                Environmental_Update
 .text.MX_GPIO_Init
                0x0000000008003164       0xec ./Application/User/gpio.o
                0x0000000008003164                MX_GPIO_Init
 .text.HCI_TL_SPI_Enable_IRQ
                0x0000000008003250        0xe ./Application/User/hci_tl_interface.o
 .text.HCI_TL_SPI_Disable_IRQ
                0x000000000800325e        0xe ./Application/User/hci_tl_interface.o
 .text.HCI_TL_SPI_Init
                0x000000000800326c       0x98 ./Application/User/hci_tl_interface.o
                0x000000000800326c                HCI_TL_SPI_Init
 .text.HCI_TL_SPI_DeInit
                0x0000000008003304       0x2a ./Application/User/hci_tl_interface.o
                0x0000000008003304                HCI_TL_SPI_DeInit
 .text.HCI_TL_SPI_Reset
                0x000000000800332e       0x3e ./Application/User/hci_tl_interface.o
                0x000000000800332e                HCI_TL_SPI_Reset
 .text.HCI_TL_SPI_Receive
                0x000000000800336c       0xb8 ./Application/User/hci_tl_interface.o
                0x000000000800336c                HCI_TL_SPI_Receive
 .text.HCI_TL_SPI_Send
                0x0000000008003424       0xf0 ./Application/User/hci_tl_interface.o
                0x0000000008003424                HCI_TL_SPI_Send
 .text.IsDataAvailable
                0x0000000008003514       0x1e ./Application/User/hci_tl_interface.o
 *fill*         0x0000000008003532        0x2 
 .text.hci_tl_lowlevel_init
                0x0000000008003534       0x74 ./Application/User/hci_tl_interface.o
                0x0000000008003534                hci_tl_lowlevel_init
 .text.hci_tl_lowlevel_isr
                0x00000000080035a8       0x22 ./Application/User/hci_tl_interface.o
                0x00000000080035a8                hci_tl_lowlevel_isr
 *fill*         0x00000000080035ca        0x2 
 .text.MX_I2C1_Init
                0x00000000080035cc       0x80 ./Application/User/i2c.o
                0x00000000080035cc                MX_I2C1_Init
 .text.HAL_I2C_MspInit
                0x000000000800364c       0xbc ./Application/User/i2c.o
                0x000000000800364c                HAL_I2C_MspInit
 .text.main     0x0000000008003708       0x1e ./Application/User/main.o
                0x0000000008003708                main
 .text.SystemClock_Config
                0x0000000008003726       0xa2 ./Application/User/main.o
                0x0000000008003726                SystemClock_Config
 .text.Error_Handler
                0x00000000080037c8        0xa ./Application/User/main.o
                0x00000000080037c8                Error_Handler
 *fill*         0x00000000080037d2        0x2 
 .text.Set_DeviceConnectable
                0x00000000080037d4       0xe8 ./Application/User/sensor.o
                0x00000000080037d4                Set_DeviceConnectable
 .text.APP_UserEvtRx
                0x00000000080038bc       0xf0 ./Application/User/sensor.o
                0x00000000080038bc                APP_UserEvtRx
 .text.HAL_MspInit
                0x00000000080039ac       0x48 ./Application/User/stm32l4xx_hal_msp.o
                0x00000000080039ac                HAL_MspInit
 .text.NMI_Handler
                0x00000000080039f4        0x6 ./Application/User/stm32l4xx_it.o
                0x00000000080039f4                NMI_Handler
 .text.HardFault_Handler
                0x00000000080039fa        0x6 ./Application/User/stm32l4xx_it.o
                0x00000000080039fa                HardFault_Handler
 .text.MemManage_Handler
                0x0000000008003a00        0x6 ./Application/User/stm32l4xx_it.o
                0x0000000008003a00                MemManage_Handler
 .text.BusFault_Handler
                0x0000000008003a06        0x6 ./Application/User/stm32l4xx_it.o
                0x0000000008003a06                BusFault_Handler
 .text.UsageFault_Handler
                0x0000000008003a0c        0x6 ./Application/User/stm32l4xx_it.o
                0x0000000008003a0c                UsageFault_Handler
 .text.SVC_Handler
                0x0000000008003a12        0xe ./Application/User/stm32l4xx_it.o
                0x0000000008003a12                SVC_Handler
 .text.DebugMon_Handler
                0x0000000008003a20        0xe ./Application/User/stm32l4xx_it.o
                0x0000000008003a20                DebugMon_Handler
 .text.PendSV_Handler
                0x0000000008003a2e        0xe ./Application/User/stm32l4xx_it.o
                0x0000000008003a2e                PendSV_Handler
 .text.SysTick_Handler
                0x0000000008003a3c        0xc ./Application/User/stm32l4xx_it.o
                0x0000000008003a3c                SysTick_Handler
 .text.EXTI0_IRQHandler
                0x0000000008003a48       0x14 ./Application/User/stm32l4xx_it.o
                0x0000000008003a48                EXTI0_IRQHandler
 .text.EXTI15_10_IRQHandler
                0x0000000008003a5c       0x14 ./Application/User/stm32l4xx_it.o
                0x0000000008003a5c                EXTI15_10_IRQHandler
 .text.BSP_SPI1_Init
                0x0000000008003a70       0x60 ./Application/User/stm32l4xx_nucleo_bus.o
                0x0000000008003a70                BSP_SPI1_Init
 .text.BSP_SPI1_SendRecv
                0x0000000008003ad0       0x40 ./Application/User/stm32l4xx_nucleo_bus.o
                0x0000000008003ad0                BSP_SPI1_SendRecv
 .text.BSP_GetTick
                0x0000000008003b10        0xe ./Application/User/stm32l4xx_nucleo_bus.o
                0x0000000008003b10                BSP_GetTick
 *fill*         0x0000000008003b1e        0x2 
 .text.MX_SPI1_Init
                0x0000000008003b20       0x84 ./Application/User/stm32l4xx_nucleo_bus.o
                0x0000000008003b20                MX_SPI1_Init
 .text.SPI1_MspInit
                0x0000000008003ba4       0xc4 ./Application/User/stm32l4xx_nucleo_bus.o
 .text._getpid  0x0000000008003c68       0x10 ./Application/User/syscalls.o
                0x0000000008003c68                _getpid
 .text._kill    0x0000000008003c78       0x20 ./Application/User/syscalls.o
                0x0000000008003c78                _kill
 .text._exit    0x0000000008003c98       0x14 ./Application/User/syscalls.o
                0x0000000008003c98                _exit
 .text._read    0x0000000008003cac       0x3a ./Application/User/syscalls.o
                0x0000000008003cac                _read
 .text._write   0x0000000008003ce6       0x38 ./Application/User/syscalls.o
                0x0000000008003ce6                _write
 .text._close   0x0000000008003d1e       0x18 ./Application/User/syscalls.o
                0x0000000008003d1e                _close
 .text._fstat   0x0000000008003d36       0x20 ./Application/User/syscalls.o
                0x0000000008003d36                _fstat
 .text._isatty  0x0000000008003d56       0x16 ./Application/User/syscalls.o
                0x0000000008003d56                _isatty
 .text._lseek   0x0000000008003d6c       0x1a ./Application/User/syscalls.o
                0x0000000008003d6c                _lseek
 *fill*         0x0000000008003d86        0x2 
 .text._sbrk    0x0000000008003d88       0x6c ./Application/User/sysmem.o
                0x0000000008003d88                _sbrk
 .text.BSP_LED_Init
                0x0000000008003df4       0x24 ./Drivers/BSP/STM32L4xx_Nucleo/stm32l4xx_nucleo.o
                0x0000000008003df4                BSP_LED_Init
 .text.BSP_LED_On
                0x0000000008003e18       0x2c ./Drivers/BSP/STM32L4xx_Nucleo/stm32l4xx_nucleo.o
                0x0000000008003e18                BSP_LED_On
 .text.BSP_LED_Off
                0x0000000008003e44       0x2c ./Drivers/BSP/STM32L4xx_Nucleo/stm32l4xx_nucleo.o
                0x0000000008003e44                BSP_LED_Off
 .text.BSP_LED_Toggle
                0x0000000008003e70       0x2c ./Drivers/BSP/STM32L4xx_Nucleo/stm32l4xx_nucleo.o
                0x0000000008003e70                BSP_LED_Toggle
 .text.LED_USER_GPIO_Init
                0x0000000008003e9c        0xe ./Drivers/BSP/STM32L4xx_Nucleo/stm32l4xx_nucleo.o
 *fill*         0x0000000008003eaa        0x2 
 .text.BSP_PB_Init
                0x0000000008003eac       0xa8 ./Drivers/BSP/STM32L4xx_Nucleo/stm32l4xx_nucleo.o
                0x0000000008003eac                BSP_PB_Init
 .text.BSP_PB_GetState
                0x0000000008003f54       0x38 ./Drivers/BSP/STM32L4xx_Nucleo/stm32l4xx_nucleo.o
                0x0000000008003f54                BSP_PB_GetState
 .text.BUTTON_USER_EXTI_Callback
                0x0000000008003f8c        0xe ./Drivers/BSP/STM32L4xx_Nucleo/stm32l4xx_nucleo.o
 .text.BUTTON_USER_GPIO_Init
                0x0000000008003f9a        0xe ./Drivers/BSP/STM32L4xx_Nucleo/stm32l4xx_nucleo.o
 .text.BSP_COM_Init
                0x0000000008003fa8       0x7c ./Drivers/BSP/STM32L4xx_Nucleo/stm32l4xx_nucleo.o
                0x0000000008003fa8                BSP_COM_Init
 .text.MX_USART2_UART_Init
                0x0000000008004024       0x68 ./Drivers/BSP/STM32L4xx_Nucleo/stm32l4xx_nucleo.o
                0x0000000008004024                MX_USART2_UART_Init
 .text.__io_putchar
                0x000000000800408c       0x38 ./Drivers/BSP/STM32L4xx_Nucleo/stm32l4xx_nucleo.o
                0x000000000800408c                __io_putchar
 .text.USART2_MspInit
                0x00000000080040c4       0xbc ./Drivers/BSP/STM32L4xx_Nucleo/stm32l4xx_nucleo.o
 .text.SystemInit
                0x0000000008004180       0x24 ./Drivers/CMSIS/system_stm32l4xx.o
                0x0000000008004180                SystemInit
 .text.hts221_read_reg
                0x00000000080041a4       0x30 ./Drivers/HTS221/hts221_reg.o
                0x00000000080041a4                hts221_read_reg
 .text.hts221_write_reg
                0x00000000080041d4       0x30 ./Drivers/HTS221/hts221_reg.o
                0x00000000080041d4                hts221_write_reg
 .text.hts221_data_rate_set
                0x0000000008004204       0x4c ./Drivers/HTS221/hts221_reg.o
                0x0000000008004204                hts221_data_rate_set
 .text.hts221_block_data_update_set
                0x0000000008004250       0x4c ./Drivers/HTS221/hts221_reg.o
                0x0000000008004250                hts221_block_data_update_set
 .text.hts221_humidity_raw_get
                0x000000000800429c       0x46 ./Drivers/HTS221/hts221_reg.o
                0x000000000800429c                hts221_humidity_raw_get
 .text.hts221_temperature_raw_get
                0x00000000080042e2       0x46 ./Drivers/HTS221/hts221_reg.o
                0x00000000080042e2                hts221_temperature_raw_get
 .text.hts221_device_id_get
                0x0000000008004328       0x22 ./Drivers/HTS221/hts221_reg.o
                0x0000000008004328                hts221_device_id_get
 .text.hts221_power_on_set
                0x000000000800434a       0x4c ./Drivers/HTS221/hts221_reg.o
                0x000000000800434a                hts221_power_on_set
 .text.hts221_status_get
                0x0000000008004396       0x22 ./Drivers/HTS221/hts221_reg.o
                0x0000000008004396                hts221_status_get
 .text.hts221_hum_rh_point_0_get
                0x00000000080043b8       0x3c ./Drivers/HTS221/hts221_reg.o
                0x00000000080043b8                hts221_hum_rh_point_0_get
 .text.hts221_hum_rh_point_1_get
                0x00000000080043f4       0x3c ./Drivers/HTS221/hts221_reg.o
                0x00000000080043f4                hts221_hum_rh_point_1_get
 .text.hts221_temp_deg_point_0_get
                0x0000000008004430       0x62 ./Drivers/HTS221/hts221_reg.o
                0x0000000008004430                hts221_temp_deg_point_0_get
 .text.hts221_temp_deg_point_1_get
                0x0000000008004492       0x62 ./Drivers/HTS221/hts221_reg.o
                0x0000000008004492                hts221_temp_deg_point_1_get
 .text.hts221_hum_adc_point_0_get
                0x00000000080044f4       0x48 ./Drivers/HTS221/hts221_reg.o
                0x00000000080044f4                hts221_hum_adc_point_0_get
 .text.hts221_hum_adc_point_1_get
                0x000000000800453c       0x48 ./Drivers/HTS221/hts221_reg.o
                0x000000000800453c                hts221_hum_adc_point_1_get
 .text.hts221_temp_adc_point_0_get
                0x0000000008004584       0x48 ./Drivers/HTS221/hts221_reg.o
                0x0000000008004584                hts221_temp_adc_point_0_get
 .text.hts221_temp_adc_point_1_get
                0x00000000080045cc       0x48 ./Drivers/HTS221/hts221_reg.o
                0x00000000080045cc                hts221_temp_adc_point_1_get
 .text.lps22hh_read_reg
                0x0000000008004614       0x30 ./Drivers/LPS22HH/lps22hh_reg.o
                0x0000000008004614                lps22hh_read_reg
 .text.lps22hh_write_reg
                0x0000000008004644       0x30 ./Drivers/LPS22HH/lps22hh_reg.o
                0x0000000008004644                lps22hh_write_reg
 .text.lps22hh_from_lsb_to_hpa
                0x0000000008004674       0x30 ./Drivers/LPS22HH/lps22hh_reg.o
                0x0000000008004674                lps22hh_from_lsb_to_hpa
 .text.lps22hh_block_data_update_set
                0x00000000080046a4       0x4c ./Drivers/LPS22HH/lps22hh_reg.o
                0x00000000080046a4                lps22hh_block_data_update_set
 .text.lps22hh_data_rate_set
                0x00000000080046f0       0x9c ./Drivers/LPS22HH/lps22hh_reg.o
                0x00000000080046f0                lps22hh_data_rate_set
 .text.lps22hh_pressure_raw_get
                0x000000000800478c       0x52 ./Drivers/LPS22HH/lps22hh_reg.o
                0x000000000800478c                lps22hh_pressure_raw_get
 .text.lps22hh_device_id_get
                0x00000000080047de       0x22 ./Drivers/LPS22HH/lps22hh_reg.o
                0x00000000080047de                lps22hh_device_id_get
 .text.lps22hh_reset_set
                0x0000000008004800       0x4c ./Drivers/LPS22HH/lps22hh_reg.o
                0x0000000008004800                lps22hh_reset_set
 .text.lps22hh_reset_get
                0x000000000800484c       0x32 ./Drivers/LPS22HH/lps22hh_reg.o
                0x000000000800484c                lps22hh_reset_get
 *fill*         0x000000000800487e        0x2 
 .text.HAL_Init
                0x0000000008004880       0x40 ./Drivers/STM32L4xx_HAL_Driver/stm32l4xx_hal.o
                0x0000000008004880                HAL_Init
 .text.HAL_InitTick
                0x00000000080048c0       0x78 ./Drivers/STM32L4xx_HAL_Driver/stm32l4xx_hal.o
                0x00000000080048c0                HAL_InitTick
 .text.HAL_IncTick
                0x0000000008004938       0x28 ./Drivers/STM32L4xx_HAL_Driver/stm32l4xx_hal.o
                0x0000000008004938                HAL_IncTick
 .text.HAL_GetTick
                0x0000000008004960       0x18 ./Drivers/STM32L4xx_HAL_Driver/stm32l4xx_hal.o
                0x0000000008004960                HAL_GetTick
 .text.HAL_Delay
                0x0000000008004978       0x48 ./Drivers/STM32L4xx_HAL_Driver/stm32l4xx_hal.o
                0x0000000008004978                HAL_Delay
 .text.__NVIC_SetPriorityGrouping
                0x00000000080049c0       0x48 ./Drivers/STM32L4xx_HAL_Driver/stm32l4xx_hal_cortex.o
 .text.__NVIC_GetPriorityGrouping
                0x0000000008004a08       0x1c ./Drivers/STM32L4xx_HAL_Driver/stm32l4xx_hal_cortex.o
 .text.__NVIC_EnableIRQ
                0x0000000008004a24       0x3c ./Drivers/STM32L4xx_HAL_Driver/stm32l4xx_hal_cortex.o
 .text.__NVIC_DisableIRQ
                0x0000000008004a60       0x48 ./Drivers/STM32L4xx_HAL_Driver/stm32l4xx_hal_cortex.o
 .text.__NVIC_SetPriority
                0x0000000008004aa8       0x54 ./Drivers/STM32L4xx_HAL_Driver/stm32l4xx_hal_cortex.o
 .text.NVIC_EncodePriority
                0x0000000008004afc       0x66 ./Drivers/STM32L4xx_HAL_Driver/stm32l4xx_hal_cortex.o
 *fill*         0x0000000008004b62        0x2 
 .text.SysTick_Config
                0x0000000008004b64       0x44 ./Drivers/STM32L4xx_HAL_Driver/stm32l4xx_hal_cortex.o
 .text.HAL_NVIC_SetPriorityGrouping
                0x0000000008004ba8       0x16 ./Drivers/STM32L4xx_HAL_Driver/stm32l4xx_hal_cortex.o
                0x0000000008004ba8                HAL_NVIC_SetPriorityGrouping
 .text.HAL_NVIC_SetPriority
                0x0000000008004bbe       0x38 ./Drivers/STM32L4xx_HAL_Driver/stm32l4xx_hal_cortex.o
                0x0000000008004bbe                HAL_NVIC_SetPriority
 .text.HAL_NVIC_EnableIRQ
                0x0000000008004bf6       0x1c ./Drivers/STM32L4xx_HAL_Driver/stm32l4xx_hal_cortex.o
                0x0000000008004bf6                HAL_NVIC_EnableIRQ
 .text.HAL_NVIC_DisableIRQ
                0x0000000008004c12       0x1c ./Drivers/STM32L4xx_HAL_Driver/stm32l4xx_hal_cortex.o
                0x0000000008004c12                HAL_NVIC_DisableIRQ
 .text.HAL_SYSTICK_Config
                0x0000000008004c2e       0x18 ./Drivers/STM32L4xx_HAL_Driver/stm32l4xx_hal_cortex.o
                0x0000000008004c2e                HAL_SYSTICK_Config
 .text.HAL_EXTI_RegisterCallback
                0x0000000008004c46       0x34 ./Drivers/STM32L4xx_HAL_Driver/stm32l4xx_hal_exti.o
                0x0000000008004c46                HAL_EXTI_RegisterCallback
 .text.HAL_EXTI_GetHandle
                0x0000000008004c7a       0x28 ./Drivers/STM32L4xx_HAL_Driver/stm32l4xx_hal_exti.o
                0x0000000008004c7a                HAL_EXTI_GetHandle
 *fill*         0x0000000008004ca2        0x2 
 .text.HAL_EXTI_IRQHandler
                0x0000000008004ca4       0x60 ./Drivers/STM32L4xx_HAL_Driver/stm32l4xx_hal_exti.o
                0x0000000008004ca4                HAL_EXTI_IRQHandler
 .text.HAL_GPIO_Init
                0x0000000008004d04      0x354 ./Drivers/STM32L4xx_HAL_Driver/stm32l4xx_hal_gpio.o
                0x0000000008004d04                HAL_GPIO_Init
 .text.HAL_GPIO_DeInit
                0x0000000008005058      0x1e8 ./Drivers/STM32L4xx_HAL_Driver/stm32l4xx_hal_gpio.o
                0x0000000008005058                HAL_GPIO_DeInit
 .text.HAL_GPIO_ReadPin
                0x0000000008005240       0x30 ./Drivers/STM32L4xx_HAL_Driver/stm32l4xx_hal_gpio.o
                0x0000000008005240                HAL_GPIO_ReadPin
 .text.HAL_GPIO_WritePin
                0x0000000008005270       0x30 ./Drivers/STM32L4xx_HAL_Driver/stm32l4xx_hal_gpio.o
                0x0000000008005270                HAL_GPIO_WritePin
 .text.HAL_GPIO_TogglePin
                0x00000000080052a0       0x34 ./Drivers/STM32L4xx_HAL_Driver/stm32l4xx_hal_gpio.o
                0x00000000080052a0                HAL_GPIO_TogglePin
 .text.HAL_I2C_Init
                0x00000000080052d4      0x11e ./Drivers/STM32L4xx_HAL_Driver/stm32l4xx_hal_i2c.o
                0x00000000080052d4                HAL_I2C_Init
 *fill*         0x00000000080053f2        0x2 
 .text.HAL_I2C_Mem_Write
                0x00000000080053f4      0x228 ./Drivers/STM32L4xx_HAL_Driver/stm32l4xx_hal_i2c.o
                0x00000000080053f4                HAL_I2C_Mem_Write
 .text.HAL_I2C_Mem_Read
                0x000000000800561c      0x234 ./Drivers/STM32L4xx_HAL_Driver/stm32l4xx_hal_i2c.o
                0x000000000800561c                HAL_I2C_Mem_Read
 .text.I2C_RequestMemoryWrite
                0x0000000008005850       0xa8 ./Drivers/STM32L4xx_HAL_Driver/stm32l4xx_hal_i2c.o
 .text.I2C_RequestMemoryRead
                0x00000000080058f8       0xa8 ./Drivers/STM32L4xx_HAL_Driver/stm32l4xx_hal_i2c.o
 .text.I2C_Flush_TXDR
                0x00000000080059a0       0x48 ./Drivers/STM32L4xx_HAL_Driver/stm32l4xx_hal_i2c.o
 .text.I2C_WaitOnFlagUntilTimeout
                0x00000000080059e8       0x80 ./Drivers/STM32L4xx_HAL_Driver/stm32l4xx_hal_i2c.o
 .text.I2C_WaitOnTXISFlagUntilTimeout
                0x0000000008005a68       0x80 ./Drivers/STM32L4xx_HAL_Driver/stm32l4xx_hal_i2c.o
 .text.I2C_WaitOnSTOPFlagUntilTimeout
                0x0000000008005ae8       0x78 ./Drivers/STM32L4xx_HAL_Driver/stm32l4xx_hal_i2c.o
 .text.I2C_IsErrorOccurred
                0x0000000008005b60      0x1d8 ./Drivers/STM32L4xx_HAL_Driver/stm32l4xx_hal_i2c.o
 .text.I2C_TransferConfig
                0x0000000008005d38       0x64 ./Drivers/STM32L4xx_HAL_Driver/stm32l4xx_hal_i2c.o
 .text.HAL_I2CEx_ConfigAnalogFilter
                0x0000000008005d9c       0x96 ./Drivers/STM32L4xx_HAL_Driver/stm32l4xx_hal_i2c_ex.o
                0x0000000008005d9c                HAL_I2CEx_ConfigAnalogFilter
 .text.HAL_I2CEx_ConfigDigitalFilter
                0x0000000008005e32       0x98 ./Drivers/STM32L4xx_HAL_Driver/stm32l4xx_hal_i2c_ex.o
                0x0000000008005e32                HAL_I2CEx_ConfigDigitalFilter
 *fill*         0x0000000008005eca        0x2 
 .text.HAL_PWREx_GetVoltageRange
                0x0000000008005ecc       0x1c ./Drivers/STM32L4xx_HAL_Driver/stm32l4xx_hal_pwr_ex.o
                0x0000000008005ecc                HAL_PWREx_GetVoltageRange
 .text.HAL_PWREx_ControlVoltageScaling
                0x0000000008005ee8       0xac ./Drivers/STM32L4xx_HAL_Driver/stm32l4xx_hal_pwr_ex.o
                0x0000000008005ee8                HAL_PWREx_ControlVoltageScaling
 .text.HAL_RCC_OscConfig
                0x0000000008005f94      0x7b8 ./Drivers/STM32L4xx_HAL_Driver/stm32l4xx_hal_rcc.o
                0x0000000008005f94                HAL_RCC_OscConfig
 .text.HAL_RCC_ClockConfig
                0x000000000800674c      0x200 ./Drivers/STM32L4xx_HAL_Driver/stm32l4xx_hal_rcc.o
                0x000000000800674c                HAL_RCC_ClockConfig
 .text.HAL_RCC_GetSysClockFreq
                0x000000000800694c      0x118 ./Drivers/STM32L4xx_HAL_Driver/stm32l4xx_hal_rcc.o
                0x000000000800694c                HAL_RCC_GetSysClockFreq
 .text.HAL_RCC_GetHCLKFreq
                0x0000000008006a64       0x18 ./Drivers/STM32L4xx_HAL_Driver/stm32l4xx_hal_rcc.o
                0x0000000008006a64                HAL_RCC_GetHCLKFreq
 .text.HAL_RCC_GetPCLK1Freq
                0x0000000008006a7c       0x2c ./Drivers/STM32L4xx_HAL_Driver/stm32l4xx_hal_rcc.o
                0x0000000008006a7c                HAL_RCC_GetPCLK1Freq
 .text.HAL_RCC_GetPCLK2Freq
                0x0000000008006aa8       0x2c ./Drivers/STM32L4xx_HAL_Driver/stm32l4xx_hal_rcc.o
                0x0000000008006aa8                HAL_RCC_GetPCLK2Freq
 .text.RCC_SetFlashLatencyFromMSIRange
                0x0000000008006ad4       0xc0 ./Drivers/STM32L4xx_HAL_Driver/stm32l4xx_hal_rcc.o
 .text.HAL_RCCEx_PeriphCLKConfig
                0x0000000008006b94      0x5d4 ./Drivers/STM32L4xx_HAL_Driver/stm32l4xx_hal_rcc_ex.o
                0x0000000008006b94                HAL_RCCEx_PeriphCLKConfig
 .text.RCCEx_PLLSAI1_Config
                0x0000000008007168      0x1e8 ./Drivers/STM32L4xx_HAL_Driver/stm32l4xx_hal_rcc_ex.o
 .text.RCCEx_PLLSAI2_Config
                0x0000000008007350      0x1bc ./Drivers/STM32L4xx_HAL_Driver/stm32l4xx_hal_rcc_ex.o
 .text.HAL_SPI_Init
                0x000000000800750c      0x146 ./Drivers/STM32L4xx_HAL_Driver/stm32l4xx_hal_spi.o
                0x000000000800750c                HAL_SPI_Init
 .text.HAL_SPI_MspInit
                0x0000000008007652       0x14 ./Drivers/STM32L4xx_HAL_Driver/stm32l4xx_hal_spi.o
                0x0000000008007652                HAL_SPI_MspInit
 .text.HAL_SPI_TransmitReceive
                0x0000000008007666      0x426 ./Drivers/STM32L4xx_HAL_Driver/stm32l4xx_hal_spi.o
                0x0000000008007666                HAL_SPI_TransmitReceive
 .text.HAL_SPI_GetState
                0x0000000008007a8c       0x1c ./Drivers/STM32L4xx_HAL_Driver/stm32l4xx_hal_spi.o
                0x0000000008007a8c                HAL_SPI_GetState
 .text.SPI_WaitFlagStateUntilTimeout
                0x0000000008007aa8      0x110 ./Drivers/STM32L4xx_HAL_Driver/stm32l4xx_hal_spi.o
 .text.SPI_WaitFifoStateUntilTimeout
                0x0000000008007bb8      0x12c ./Drivers/STM32L4xx_HAL_Driver/stm32l4xx_hal_spi.o
 .text.SPI_EndRxTxTransaction
                0x0000000008007ce4       0x8c ./Drivers/STM32L4xx_HAL_Driver/stm32l4xx_hal_spi.o
 .text.HAL_UART_Init
                0x0000000008007d70       0x9c ./Drivers/STM32L4xx_HAL_Driver/stm32l4xx_hal_uart.o
                0x0000000008007d70                HAL_UART_Init
 .text.HAL_UART_MspInit
                0x0000000008007e0c       0x14 ./Drivers/STM32L4xx_HAL_Driver/stm32l4xx_hal_uart.o
                0x0000000008007e0c                HAL_UART_MspInit
 .text.HAL_UART_Transmit
                0x0000000008007e20      0x128 ./Drivers/STM32L4xx_HAL_Driver/stm32l4xx_hal_uart.o
                0x0000000008007e20                HAL_UART_Transmit
 .text.UART_SetConfig
                0x0000000008007f48      0x570 ./Drivers/STM32L4xx_HAL_Driver/stm32l4xx_hal_uart.o
                0x0000000008007f48                UART_SetConfig
 .text.UART_AdvFeatureConfig
                0x00000000080084b8      0x144 ./Drivers/STM32L4xx_HAL_Driver/stm32l4xx_hal_uart.o
                0x00000000080084b8                UART_AdvFeatureConfig
 .text.UART_CheckIdleState
                0x00000000080085fc       0x92 ./Drivers/STM32L4xx_HAL_Driver/stm32l4xx_hal_uart.o
                0x00000000080085fc                UART_CheckIdleState
 .text.UART_WaitOnFlagUntilTimeout
                0x000000000800868e      0x188 ./Drivers/STM32L4xx_HAL_Driver/stm32l4xx_hal_uart.o
                0x000000000800868e                UART_WaitOnFlagUntilTimeout
 .text.aci_gap_set_discoverable
                0x0000000008008816      0x206 ./Middlewares/BlueNRG-2/Wireless/BlueNRG-2/Controller/bluenrg1_gap_aci.o
                0x0000000008008816                aci_gap_set_discoverable
 .text.aci_gap_set_authentication_requirement
                0x0000000008008a1c      0x19a ./Middlewares/BlueNRG-2/Wireless/BlueNRG-2/Controller/bluenrg1_gap_aci.o
                0x0000000008008a1c                aci_gap_set_authentication_requirement
 .text.aci_gap_init
                0x0000000008008bb6      0x15a ./Middlewares/BlueNRG-2/Wireless/BlueNRG-2/Controller/bluenrg1_gap_aci.o
                0x0000000008008bb6                aci_gap_init
 .text.aci_gap_update_adv_data
                0x0000000008008d10       0xf6 ./Middlewares/BlueNRG-2/Wireless/BlueNRG-2/Controller/bluenrg1_gap_aci.o
                0x0000000008008d10                aci_gap_update_adv_data
 .text.aci_gatt_init
                0x0000000008008e06       0x54 ./Middlewares/BlueNRG-2/Wireless/BlueNRG-2/Controller/bluenrg1_gatt_aci.o
                0x0000000008008e06                aci_gatt_init
 .text.aci_gatt_add_service
                0x0000000008008e5a      0x1ac ./Middlewares/BlueNRG-2/Wireless/BlueNRG-2/Controller/bluenrg1_gatt_aci.o
                0x0000000008008e5a                aci_gatt_add_service
 .text.aci_gatt_add_char
                0x0000000008009006      0x210 ./Middlewares/BlueNRG-2/Wireless/BlueNRG-2/Controller/bluenrg1_gatt_aci.o
                0x0000000008009006                aci_gatt_add_char
 .text.aci_gatt_update_char_value
                0x0000000008009216      0x164 ./Middlewares/BlueNRG-2/Wireless/BlueNRG-2/Controller/bluenrg1_gatt_aci.o
                0x0000000008009216                aci_gatt_update_char_value
 .text.aci_gatt_allow_read
                0x000000000800937a       0xbc ./Middlewares/BlueNRG-2/Wireless/BlueNRG-2/Controller/bluenrg1_gatt_aci.o
                0x000000000800937a                aci_gatt_allow_read
 .text.aci_hal_read_config_data
                0x0000000008009436      0x108 ./Middlewares/BlueNRG-2/Wireless/BlueNRG-2/Controller/bluenrg1_hal_aci.o
                0x0000000008009436                aci_hal_read_config_data
 .text.aci_hal_set_tx_power_level
                0x000000000800953e       0xe0 ./Middlewares/BlueNRG-2/Wireless/BlueNRG-2/Controller/bluenrg1_hal_aci.o
                0x000000000800953e                aci_hal_set_tx_power_level
 .text.hci_disconnection_complete_event_process
                0x000000000800961e       0x30 ./Middlewares/BlueNRG-2/Wireless/BlueNRG-2/HCI_TL/Basic/bluenrg1_events.o
                0x000000000800961e                hci_disconnection_complete_event_process
 .text.hci_encryption_change_event_process
                0x000000000800964e       0x30 ./Middlewares/BlueNRG-2/Wireless/BlueNRG-2/HCI_TL/Basic/bluenrg1_events.o
                0x000000000800964e                hci_encryption_change_event_process
 .text.hci_read_remote_version_information_complete_event_process
                0x000000000800967e       0x3e ./Middlewares/BlueNRG-2/Wireless/BlueNRG-2/HCI_TL/Basic/bluenrg1_events.o
                0x000000000800967e                hci_read_remote_version_information_complete_event_process
 .text.hci_hardware_error_event_process
                0x00000000080096bc       0x24 ./Middlewares/BlueNRG-2/Wireless/BlueNRG-2/HCI_TL/Basic/bluenrg1_events.o
                0x00000000080096bc                hci_hardware_error_event_process
 .text.hci_number_of_completed_packets_event_process
                0x00000000080096e0       0xae ./Middlewares/BlueNRG-2/Wireless/BlueNRG-2/HCI_TL/Basic/bluenrg1_events.o
                0x00000000080096e0                hci_number_of_completed_packets_event_process
 .text.hci_data_buffer_overflow_event_process
                0x000000000800978e       0x24 ./Middlewares/BlueNRG-2/Wireless/BlueNRG-2/HCI_TL/Basic/bluenrg1_events.o
                0x000000000800978e                hci_data_buffer_overflow_event_process
 .text.hci_encryption_key_refresh_complete_event_process
                0x00000000080097b2       0x2e ./Middlewares/BlueNRG-2/Wireless/BlueNRG-2/HCI_TL/Basic/bluenrg1_events.o
                0x00000000080097b2                hci_encryption_key_refresh_complete_event_process
 .text.aci_blue_initialized_event_process
                0x00000000080097e0       0x24 ./Middlewares/BlueNRG-2/Wireless/BlueNRG-2/HCI_TL/Basic/bluenrg1_events.o
                0x00000000080097e0                aci_blue_initialized_event_process
 .text.aci_blue_events_lost_event_process
                0x0000000008009804       0x22 ./Middlewares/BlueNRG-2/Wireless/BlueNRG-2/HCI_TL/Basic/bluenrg1_events.o
                0x0000000008009804                aci_blue_events_lost_event_process
 .text.aci_blue_crash_info_event_process
                0x0000000008009826       0x84 ./Middlewares/BlueNRG-2/Wireless/BlueNRG-2/HCI_TL/Basic/bluenrg1_events.o
                0x0000000008009826                aci_blue_crash_info_event_process
 .text.aci_hal_end_of_radio_activity_event_process
                0x00000000080098aa       0x2e ./Middlewares/BlueNRG-2/Wireless/BlueNRG-2/HCI_TL/Basic/bluenrg1_events.o
                0x00000000080098aa                aci_hal_end_of_radio_activity_event_process
 .text.aci_hal_scan_req_report_event_process
                0x00000000080098d8       0x2e ./Middlewares/BlueNRG-2/Wireless/BlueNRG-2/HCI_TL/Basic/bluenrg1_events.o
                0x00000000080098d8                aci_hal_scan_req_report_event_process
 .text.aci_hal_fw_error_event_process
                0x0000000008009906       0x2c ./Middlewares/BlueNRG-2/Wireless/BlueNRG-2/HCI_TL/Basic/bluenrg1_events.o
                0x0000000008009906                aci_hal_fw_error_event_process
 .text.aci_gap_limited_discoverable_event_process
                0x0000000008009932       0x1a ./Middlewares/BlueNRG-2/Wireless/BlueNRG-2/HCI_TL/Basic/bluenrg1_events.o
                0x0000000008009932                aci_gap_limited_discoverable_event_process
 .text.aci_gap_pairing_complete_event_process
                0x000000000800994c       0x2e ./Middlewares/BlueNRG-2/Wireless/BlueNRG-2/HCI_TL/Basic/bluenrg1_events.o
                0x000000000800994c                aci_gap_pairing_complete_event_process
 .text.aci_gap_pass_key_req_event_process
                0x000000000800997a       0x26 ./Middlewares/BlueNRG-2/Wireless/BlueNRG-2/HCI_TL/Basic/bluenrg1_events.o
                0x000000000800997a                aci_gap_pass_key_req_event_process
 .text.aci_gap_authorization_req_event_process
                0x00000000080099a0       0x26 ./Middlewares/BlueNRG-2/Wireless/BlueNRG-2/HCI_TL/Basic/bluenrg1_events.o
                0x00000000080099a0                aci_gap_authorization_req_event_process
 .text.aci_gap_slave_security_initiated_event_process
                0x00000000080099c6       0x1a ./Middlewares/BlueNRG-2/Wireless/BlueNRG-2/HCI_TL/Basic/bluenrg1_events.o
                0x00000000080099c6                aci_gap_slave_security_initiated_event_process
 .text.aci_gap_bond_lost_event_process
                0x00000000080099e0       0x1a ./Middlewares/BlueNRG-2/Wireless/BlueNRG-2/HCI_TL/Basic/bluenrg1_events.o
                0x00000000080099e0                aci_gap_bond_lost_event_process
 .text.aci_gap_proc_complete_event_process
                0x00000000080099fa       0x2e ./Middlewares/BlueNRG-2/Wireless/BlueNRG-2/HCI_TL/Basic/bluenrg1_events.o
                0x00000000080099fa                aci_gap_proc_complete_event_process
 .text.aci_gap_addr_not_resolved_event_process
                0x0000000008009a28       0x26 ./Middlewares/BlueNRG-2/Wireless/BlueNRG-2/HCI_TL/Basic/bluenrg1_events.o
                0x0000000008009a28                aci_gap_addr_not_resolved_event_process
 .text.aci_gap_numeric_comparison_value_event_process
                0x0000000008009a4e       0x2e ./Middlewares/BlueNRG-2/Wireless/BlueNRG-2/HCI_TL/Basic/bluenrg1_events.o
                0x0000000008009a4e                aci_gap_numeric_comparison_value_event_process
 .text.aci_gap_keypress_notification_event_process
                0x0000000008009a7c       0x2c ./Middlewares/BlueNRG-2/Wireless/BlueNRG-2/HCI_TL/Basic/bluenrg1_events.o
                0x0000000008009a7c                aci_gap_keypress_notification_event_process
 .text.aci_l2cap_connection_update_resp_event_process
                0x0000000008009aa8       0x2e ./Middlewares/BlueNRG-2/Wireless/BlueNRG-2/HCI_TL/Basic/bluenrg1_events.o
                0x0000000008009aa8                aci_l2cap_connection_update_resp_event_process
 .text.aci_l2cap_proc_timeout_event_process
                0x0000000008009ad6       0x2e ./Middlewares/BlueNRG-2/Wireless/BlueNRG-2/HCI_TL/Basic/bluenrg1_events.o
                0x0000000008009ad6                aci_l2cap_proc_timeout_event_process
 .text.aci_l2cap_connection_update_req_event_process
                0x0000000008009b04       0x5c ./Middlewares/BlueNRG-2/Wireless/BlueNRG-2/HCI_TL/Basic/bluenrg1_events.o
                0x0000000008009b04                aci_l2cap_connection_update_req_event_process
 .text.aci_l2cap_command_reject_event_process
                0x0000000008009b60       0x3c ./Middlewares/BlueNRG-2/Wireless/BlueNRG-2/HCI_TL/Basic/bluenrg1_events.o
                0x0000000008009b60                aci_l2cap_command_reject_event_process
 .text.aci_gatt_attribute_modified_event_process
                0x0000000008009b9c       0x3e ./Middlewares/BlueNRG-2/Wireless/BlueNRG-2/HCI_TL/Basic/bluenrg1_events.o
                0x0000000008009b9c                aci_gatt_attribute_modified_event_process
 .text.aci_gatt_proc_timeout_event_process
                0x0000000008009bda       0x26 ./Middlewares/BlueNRG-2/Wireless/BlueNRG-2/HCI_TL/Basic/bluenrg1_events.o
                0x0000000008009bda                aci_gatt_proc_timeout_event_process
 .text.aci_att_exchange_mtu_resp_event_process
                0x0000000008009c00       0x2e ./Middlewares/BlueNRG-2/Wireless/BlueNRG-2/HCI_TL/Basic/bluenrg1_events.o
                0x0000000008009c00                aci_att_exchange_mtu_resp_event_process
 .text.aci_att_find_info_resp_event_process
                0x0000000008009c2e       0x30 ./Middlewares/BlueNRG-2/Wireless/BlueNRG-2/HCI_TL/Basic/bluenrg1_events.o
                0x0000000008009c2e                aci_att_find_info_resp_event_process
 .text.aci_att_find_by_type_value_resp_event_process
                0x0000000008009c5e       0xb4 ./Middlewares/BlueNRG-2/Wireless/BlueNRG-2/HCI_TL/Basic/bluenrg1_events.o
                0x0000000008009c5e                aci_att_find_by_type_value_resp_event_process
 .text.aci_att_read_by_type_resp_event_process
                0x0000000008009d12       0x30 ./Middlewares/BlueNRG-2/Wireless/BlueNRG-2/HCI_TL/Basic/bluenrg1_events.o
                0x0000000008009d12                aci_att_read_by_type_resp_event_process
 .text.aci_att_read_resp_event_process
                0x0000000008009d42       0x2e ./Middlewares/BlueNRG-2/Wireless/BlueNRG-2/HCI_TL/Basic/bluenrg1_events.o
                0x0000000008009d42                aci_att_read_resp_event_process
 .text.aci_att_read_blob_resp_event_process
                0x0000000008009d70       0x2e ./Middlewares/BlueNRG-2/Wireless/BlueNRG-2/HCI_TL/Basic/bluenrg1_events.o
                0x0000000008009d70                aci_att_read_blob_resp_event_process
 .text.aci_att_read_multiple_resp_event_process
                0x0000000008009d9e       0x2e ./Middlewares/BlueNRG-2/Wireless/BlueNRG-2/HCI_TL/Basic/bluenrg1_events.o
                0x0000000008009d9e                aci_att_read_multiple_resp_event_process
 .text.aci_att_read_by_group_type_resp_event_process
                0x0000000008009dcc       0x30 ./Middlewares/BlueNRG-2/Wireless/BlueNRG-2/HCI_TL/Basic/bluenrg1_events.o
                0x0000000008009dcc                aci_att_read_by_group_type_resp_event_process
 .text.aci_att_prepare_write_resp_event_process
                0x0000000008009dfc       0x3c ./Middlewares/BlueNRG-2/Wireless/BlueNRG-2/HCI_TL/Basic/bluenrg1_events.o
                0x0000000008009dfc                aci_att_prepare_write_resp_event_process
 .text.aci_att_exec_write_resp_event_process
                0x0000000008009e38       0x26 ./Middlewares/BlueNRG-2/Wireless/BlueNRG-2/HCI_TL/Basic/bluenrg1_events.o
                0x0000000008009e38                aci_att_exec_write_resp_event_process
 .text.aci_gatt_indication_event_process
                0x0000000008009e5e       0x32 ./Middlewares/BlueNRG-2/Wireless/BlueNRG-2/HCI_TL/Basic/bluenrg1_events.o
                0x0000000008009e5e                aci_gatt_indication_event_process
 .text.aci_gatt_notification_event_process
                0x0000000008009e90       0x32 ./Middlewares/BlueNRG-2/Wireless/BlueNRG-2/HCI_TL/Basic/bluenrg1_events.o
                0x0000000008009e90                aci_gatt_notification_event_process
 .text.aci_gatt_proc_complete_event_process
                0x0000000008009ec2       0x2c ./Middlewares/BlueNRG-2/Wireless/BlueNRG-2/HCI_TL/Basic/bluenrg1_events.o
                0x0000000008009ec2                aci_gatt_proc_complete_event_process
 .text.aci_gatt_error_resp_event_process
                0x0000000008009eee       0x34 ./Middlewares/BlueNRG-2/Wireless/BlueNRG-2/HCI_TL/Basic/bluenrg1_events.o
                0x0000000008009eee                aci_gatt_error_resp_event_process
 .text.aci_gatt_disc_read_char_by_uuid_resp_event_process
                0x0000000008009f22       0x32 ./Middlewares/BlueNRG-2/Wireless/BlueNRG-2/HCI_TL/Basic/bluenrg1_events.o
                0x0000000008009f22                aci_gatt_disc_read_char_by_uuid_resp_event_process
 .text.aci_gatt_write_permit_req_event_process
                0x0000000008009f54       0x32 ./Middlewares/BlueNRG-2/Wireless/BlueNRG-2/HCI_TL/Basic/bluenrg1_events.o
                0x0000000008009f54                aci_gatt_write_permit_req_event_process
 .text.aci_gatt_read_permit_req_event_process
                0x0000000008009f86       0x32 ./Middlewares/BlueNRG-2/Wireless/BlueNRG-2/HCI_TL/Basic/bluenrg1_events.o
                0x0000000008009f86                aci_gatt_read_permit_req_event_process
 .text.aci_gatt_read_multi_permit_req_event_process
                0x0000000008009fb8       0x8a ./Middlewares/BlueNRG-2/Wireless/BlueNRG-2/HCI_TL/Basic/bluenrg1_events.o
                0x0000000008009fb8                aci_gatt_read_multi_permit_req_event_process
 .text.aci_gatt_tx_pool_available_event_process
                0x000000000800a042       0x2e ./Middlewares/BlueNRG-2/Wireless/BlueNRG-2/HCI_TL/Basic/bluenrg1_events.o
                0x000000000800a042                aci_gatt_tx_pool_available_event_process
 .text.aci_gatt_server_confirmation_event_process
                0x000000000800a070       0x26 ./Middlewares/BlueNRG-2/Wireless/BlueNRG-2/HCI_TL/Basic/bluenrg1_events.o
                0x000000000800a070                aci_gatt_server_confirmation_event_process
 .text.aci_gatt_prepare_write_permit_req_event_process
                0x000000000800a096       0x3c ./Middlewares/BlueNRG-2/Wireless/BlueNRG-2/HCI_TL/Basic/bluenrg1_events.o
                0x000000000800a096                aci_gatt_prepare_write_permit_req_event_process
 .text.hci_le_connection_complete_event_process
                0x000000000800a0d2       0x68 ./Middlewares/BlueNRG-2/Wireless/BlueNRG-2/HCI_TL/Basic/bluenrg1_events.o
                0x000000000800a0d2                hci_le_connection_complete_event_process
 .text.hci_le_advertising_report_event_process
                0x000000000800a13a      0x1ba ./Middlewares/BlueNRG-2/Wireless/BlueNRG-2/HCI_TL/Basic/bluenrg1_events.o
                0x000000000800a13a                hci_le_advertising_report_event_process
 .text.hci_le_connection_update_complete_event_process
                0x000000000800a2f4       0x46 ./Middlewares/BlueNRG-2/Wireless/BlueNRG-2/HCI_TL/Basic/bluenrg1_events.o
                0x000000000800a2f4                hci_le_connection_update_complete_event_process
 .text.hci_le_read_remote_used_features_complete_event_process
                0x000000000800a33a       0x30 ./Middlewares/BlueNRG-2/Wireless/BlueNRG-2/HCI_TL/Basic/bluenrg1_events.o
                0x000000000800a33a                hci_le_read_remote_used_features_complete_event_process
 .text.hci_le_long_term_key_request_event_process
                0x000000000800a36a       0x30 ./Middlewares/BlueNRG-2/Wireless/BlueNRG-2/HCI_TL/Basic/bluenrg1_events.o
                0x000000000800a36a                hci_le_long_term_key_request_event_process
 .text.hci_le_data_length_change_event_process
                0x000000000800a39a       0x40 ./Middlewares/BlueNRG-2/Wireless/BlueNRG-2/HCI_TL/Basic/bluenrg1_events.o
                0x000000000800a39a                hci_le_data_length_change_event_process
 .text.hci_le_read_local_p256_public_key_complete_event_process
                0x000000000800a3da       0x2a ./Middlewares/BlueNRG-2/Wireless/BlueNRG-2/HCI_TL/Basic/bluenrg1_events.o
                0x000000000800a3da                hci_le_read_local_p256_public_key_complete_event_process
 .text.hci_le_generate_dhkey_complete_event_process
                0x000000000800a404       0x2a ./Middlewares/BlueNRG-2/Wireless/BlueNRG-2/HCI_TL/Basic/bluenrg1_events.o
                0x000000000800a404                hci_le_generate_dhkey_complete_event_process
 .text.hci_le_enhanced_connection_complete_event_process
                0x000000000800a42e       0x7c ./Middlewares/BlueNRG-2/Wireless/BlueNRG-2/HCI_TL/Basic/bluenrg1_events.o
                0x000000000800a42e                hci_le_enhanced_connection_complete_event_process
 .text.hci_le_direct_advertising_report_event_process
                0x000000000800a4aa      0x15e ./Middlewares/BlueNRG-2/Wireless/BlueNRG-2/HCI_TL/Basic/bluenrg1_events.o
                0x000000000800a4aa                hci_le_direct_advertising_report_event_process
 .text.hci_encryption_change_event
                0x000000000800a608       0x1e ./Middlewares/BlueNRG-2/Wireless/BlueNRG-2/HCI_TL/Basic/bluenrg1_events_cb.o
                0x000000000800a608                hci_encryption_change_event
 .text.hci_read_remote_version_information_complete_event
                0x000000000800a626       0x28 ./Middlewares/BlueNRG-2/Wireless/BlueNRG-2/HCI_TL/Basic/bluenrg1_events_cb.o
                0x000000000800a626                hci_read_remote_version_information_complete_event
 .text.hci_hardware_error_event
                0x000000000800a64e       0x16 ./Middlewares/BlueNRG-2/Wireless/BlueNRG-2/HCI_TL/Basic/bluenrg1_events_cb.o
                0x000000000800a64e                hci_hardware_error_event
 .text.hci_number_of_completed_packets_event
                0x000000000800a664       0x18 ./Middlewares/BlueNRG-2/Wireless/BlueNRG-2/HCI_TL/Basic/bluenrg1_events_cb.o
                0x000000000800a664                hci_number_of_completed_packets_event
 .text.hci_data_buffer_overflow_event
                0x000000000800a67c       0x16 ./Middlewares/BlueNRG-2/Wireless/BlueNRG-2/HCI_TL/Basic/bluenrg1_events_cb.o
                0x000000000800a67c                hci_data_buffer_overflow_event
 .text.hci_encryption_key_refresh_complete_event
                0x000000000800a692       0x1c ./Middlewares/BlueNRG-2/Wireless/BlueNRG-2/HCI_TL/Basic/bluenrg1_events_cb.o
                0x000000000800a692                hci_encryption_key_refresh_complete_event
 .text.hci_le_advertising_report_event
                0x000000000800a6ae       0x18 ./Middlewares/BlueNRG-2/Wireless/BlueNRG-2/HCI_TL/Basic/bluenrg1_events_cb.o
                0x000000000800a6ae                hci_le_advertising_report_event
 .text.hci_le_connection_update_complete_event
                0x000000000800a6c6       0x28 ./Middlewares/BlueNRG-2/Wireless/BlueNRG-2/HCI_TL/Basic/bluenrg1_events_cb.o
                0x000000000800a6c6                hci_le_connection_update_complete_event
 .text.hci_le_read_remote_used_features_complete_event
                0x000000000800a6ee       0x1c ./Middlewares/BlueNRG-2/Wireless/BlueNRG-2/HCI_TL/Basic/bluenrg1_events_cb.o
                0x000000000800a6ee                hci_le_read_remote_used_features_complete_event
 .text.hci_le_long_term_key_request_event
                0x000000000800a70a       0x1c ./Middlewares/BlueNRG-2/Wireless/BlueNRG-2/HCI_TL/Basic/bluenrg1_events_cb.o
                0x000000000800a70a                hci_le_long_term_key_request_event
 .text.hci_le_data_length_change_event
                0x000000000800a726       0x28 ./Middlewares/BlueNRG-2/Wireless/BlueNRG-2/HCI_TL/Basic/bluenrg1_events_cb.o
                0x000000000800a726                hci_le_data_length_change_event
 .text.hci_le_read_local_p256_public_key_complete_event
                0x000000000800a74e       0x18 ./Middlewares/BlueNRG-2/Wireless/BlueNRG-2/HCI_TL/Basic/bluenrg1_events_cb.o
                0x000000000800a74e                hci_le_read_local_p256_public_key_complete_event
 .text.hci_le_generate_dhkey_complete_event
                0x000000000800a766       0x18 ./Middlewares/BlueNRG-2/Wireless/BlueNRG-2/HCI_TL/Basic/bluenrg1_events_cb.o
                0x000000000800a766                hci_le_generate_dhkey_complete_event
 .text.hci_le_enhanced_connection_complete_event
                0x000000000800a77e       0x28 ./Middlewares/BlueNRG-2/Wireless/BlueNRG-2/HCI_TL/Basic/bluenrg1_events_cb.o
                0x000000000800a77e                hci_le_enhanced_connection_complete_event
 .text.hci_le_direct_advertising_report_event
                0x000000000800a7a6       0x18 ./Middlewares/BlueNRG-2/Wireless/BlueNRG-2/HCI_TL/Basic/bluenrg1_events_cb.o
                0x000000000800a7a6                hci_le_direct_advertising_report_event
 .text.aci_gap_limited_discoverable_event
                0x000000000800a7be        0xe ./Middlewares/BlueNRG-2/Wireless/BlueNRG-2/HCI_TL/Basic/bluenrg1_events_cb.o
                0x000000000800a7be                aci_gap_limited_discoverable_event
 .text.aci_gap_pairing_complete_event
                0x000000000800a7cc       0x1e ./Middlewares/BlueNRG-2/Wireless/BlueNRG-2/HCI_TL/Basic/bluenrg1_events_cb.o
                0x000000000800a7cc                aci_gap_pairing_complete_event
 .text.aci_gap_pass_key_req_event
                0x000000000800a7ea       0x16 ./Middlewares/BlueNRG-2/Wireless/BlueNRG-2/HCI_TL/Basic/bluenrg1_events_cb.o
                0x000000000800a7ea                aci_gap_pass_key_req_event
 .text.aci_gap_authorization_req_event
                0x000000000800a800       0x16 ./Middlewares/BlueNRG-2/Wireless/BlueNRG-2/HCI_TL/Basic/bluenrg1_events_cb.o
                0x000000000800a800                aci_gap_authorization_req_event
 .text.aci_gap_slave_security_initiated_event
                0x000000000800a816        0xe ./Middlewares/BlueNRG-2/Wireless/BlueNRG-2/HCI_TL/Basic/bluenrg1_events_cb.o
                0x000000000800a816                aci_gap_slave_security_initiated_event
 .text.aci_gap_bond_lost_event
                0x000000000800a824        0xe ./Middlewares/BlueNRG-2/Wireless/BlueNRG-2/HCI_TL/Basic/bluenrg1_events_cb.o
                0x000000000800a824                aci_gap_bond_lost_event
 .text.aci_gap_proc_complete_event
                0x000000000800a832       0x20 ./Middlewares/BlueNRG-2/Wireless/BlueNRG-2/HCI_TL/Basic/bluenrg1_events_cb.o
                0x000000000800a832                aci_gap_proc_complete_event
 .text.aci_gap_addr_not_resolved_event
                0x000000000800a852       0x16 ./Middlewares/BlueNRG-2/Wireless/BlueNRG-2/HCI_TL/Basic/bluenrg1_events_cb.o
                0x000000000800a852                aci_gap_addr_not_resolved_event
 .text.aci_gap_numeric_comparison_value_event
                0x000000000800a868       0x18 ./Middlewares/BlueNRG-2/Wireless/BlueNRG-2/HCI_TL/Basic/bluenrg1_events_cb.o
                0x000000000800a868                aci_gap_numeric_comparison_value_event
 .text.aci_gap_keypress_notification_event
                0x000000000800a880       0x1c ./Middlewares/BlueNRG-2/Wireless/BlueNRG-2/HCI_TL/Basic/bluenrg1_events_cb.o
                0x000000000800a880                aci_gap_keypress_notification_event
 .text.aci_gatt_attribute_modified_event
                0x000000000800a89c       0x28 ./Middlewares/BlueNRG-2/Wireless/BlueNRG-2/HCI_TL/Basic/bluenrg1_events_cb.o
                0x000000000800a89c                aci_gatt_attribute_modified_event
 .text.aci_gatt_proc_timeout_event
                0x000000000800a8c4       0x16 ./Middlewares/BlueNRG-2/Wireless/BlueNRG-2/HCI_TL/Basic/bluenrg1_events_cb.o
                0x000000000800a8c4                aci_gatt_proc_timeout_event
 .text.aci_att_exchange_mtu_resp_event
                0x000000000800a8da       0x1c ./Middlewares/BlueNRG-2/Wireless/BlueNRG-2/HCI_TL/Basic/bluenrg1_events_cb.o
                0x000000000800a8da                aci_att_exchange_mtu_resp_event
 .text.aci_att_find_info_resp_event
                0x000000000800a8f6       0x20 ./Middlewares/BlueNRG-2/Wireless/BlueNRG-2/HCI_TL/Basic/bluenrg1_events_cb.o
                0x000000000800a8f6                aci_att_find_info_resp_event
 .text.aci_att_find_by_type_value_resp_event
                0x000000000800a916       0x1c ./Middlewares/BlueNRG-2/Wireless/BlueNRG-2/HCI_TL/Basic/bluenrg1_events_cb.o
                0x000000000800a916                aci_att_find_by_type_value_resp_event
 .text.aci_att_read_by_type_resp_event
                0x000000000800a932       0x20 ./Middlewares/BlueNRG-2/Wireless/BlueNRG-2/HCI_TL/Basic/bluenrg1_events_cb.o
                0x000000000800a932                aci_att_read_by_type_resp_event
 .text.aci_att_read_resp_event
                0x000000000800a952       0x1c ./Middlewares/BlueNRG-2/Wireless/BlueNRG-2/HCI_TL/Basic/bluenrg1_events_cb.o
                0x000000000800a952                aci_att_read_resp_event
 .text.aci_att_read_blob_resp_event
                0x000000000800a96e       0x1c ./Middlewares/BlueNRG-2/Wireless/BlueNRG-2/HCI_TL/Basic/bluenrg1_events_cb.o
                0x000000000800a96e                aci_att_read_blob_resp_event
 .text.aci_att_read_multiple_resp_event
                0x000000000800a98a       0x1c ./Middlewares/BlueNRG-2/Wireless/BlueNRG-2/HCI_TL/Basic/bluenrg1_events_cb.o
                0x000000000800a98a                aci_att_read_multiple_resp_event
 .text.aci_att_read_by_group_type_resp_event
                0x000000000800a9a6       0x20 ./Middlewares/BlueNRG-2/Wireless/BlueNRG-2/HCI_TL/Basic/bluenrg1_events_cb.o
                0x000000000800a9a6                aci_att_read_by_group_type_resp_event
 .text.aci_att_prepare_write_resp_event
                0x000000000800a9c6       0x28 ./Middlewares/BlueNRG-2/Wireless/BlueNRG-2/HCI_TL/Basic/bluenrg1_events_cb.o
                0x000000000800a9c6                aci_att_prepare_write_resp_event
 .text.aci_att_exec_write_resp_event
                0x000000000800a9ee       0x16 ./Middlewares/BlueNRG-2/Wireless/BlueNRG-2/HCI_TL/Basic/bluenrg1_events_cb.o
                0x000000000800a9ee                aci_att_exec_write_resp_event
 .text.aci_gatt_indication_event
                0x000000000800aa04       0x20 ./Middlewares/BlueNRG-2/Wireless/BlueNRG-2/HCI_TL/Basic/bluenrg1_events_cb.o
                0x000000000800aa04                aci_gatt_indication_event
 .text.aci_gatt_notification_event
                0x000000000800aa24       0x20 ./Middlewares/BlueNRG-2/Wireless/BlueNRG-2/HCI_TL/Basic/bluenrg1_events_cb.o
                0x000000000800aa24                aci_gatt_notification_event
 .text.aci_gatt_proc_complete_event
                0x000000000800aa44       0x1c ./Middlewares/BlueNRG-2/Wireless/BlueNRG-2/HCI_TL/Basic/bluenrg1_events_cb.o
                0x000000000800aa44                aci_gatt_proc_complete_event
 .text.aci_gatt_error_resp_event
                0x000000000800aa60       0x28 ./Middlewares/BlueNRG-2/Wireless/BlueNRG-2/HCI_TL/Basic/bluenrg1_events_cb.o
                0x000000000800aa60                aci_gatt_error_resp_event
 .text.aci_gatt_disc_read_char_by_uuid_resp_event
                0x000000000800aa88       0x20 ./Middlewares/BlueNRG-2/Wireless/BlueNRG-2/HCI_TL/Basic/bluenrg1_events_cb.o
                0x000000000800aa88                aci_gatt_disc_read_char_by_uuid_resp_event
 .text.aci_gatt_write_permit_req_event
                0x000000000800aaa8       0x20 ./Middlewares/BlueNRG-2/Wireless/BlueNRG-2/HCI_TL/Basic/bluenrg1_events_cb.o
                0x000000000800aaa8                aci_gatt_write_permit_req_event
 .text.aci_gatt_read_multi_permit_req_event
                0x000000000800aac8       0x1c ./Middlewares/BlueNRG-2/Wireless/BlueNRG-2/HCI_TL/Basic/bluenrg1_events_cb.o
                0x000000000800aac8                aci_gatt_read_multi_permit_req_event
 .text.aci_gatt_tx_pool_available_event
                0x000000000800aae4       0x1c ./Middlewares/BlueNRG-2/Wireless/BlueNRG-2/HCI_TL/Basic/bluenrg1_events_cb.o
                0x000000000800aae4                aci_gatt_tx_pool_available_event
 .text.aci_gatt_server_confirmation_event
                0x000000000800ab00       0x16 ./Middlewares/BlueNRG-2/Wireless/BlueNRG-2/HCI_TL/Basic/bluenrg1_events_cb.o
                0x000000000800ab00                aci_gatt_server_confirmation_event
 .text.aci_gatt_prepare_write_permit_req_event
                0x000000000800ab16       0x28 ./Middlewares/BlueNRG-2/Wireless/BlueNRG-2/HCI_TL/Basic/bluenrg1_events_cb.o
                0x000000000800ab16                aci_gatt_prepare_write_permit_req_event
 .text.aci_l2cap_connection_update_resp_event
                0x000000000800ab3e       0x1c ./Middlewares/BlueNRG-2/Wireless/BlueNRG-2/HCI_TL/Basic/bluenrg1_events_cb.o
                0x000000000800ab3e                aci_l2cap_connection_update_resp_event
 .text.aci_l2cap_proc_timeout_event
                0x000000000800ab5a       0x1c ./Middlewares/BlueNRG-2/Wireless/BlueNRG-2/HCI_TL/Basic/bluenrg1_events_cb.o
                0x000000000800ab5a                aci_l2cap_proc_timeout_event
 .text.aci_l2cap_connection_update_req_event
                0x000000000800ab76       0x28 ./Middlewares/BlueNRG-2/Wireless/BlueNRG-2/HCI_TL/Basic/bluenrg1_events_cb.o
                0x000000000800ab76                aci_l2cap_connection_update_req_event
 .text.aci_l2cap_command_reject_event
                0x000000000800ab9e       0x28 ./Middlewares/BlueNRG-2/Wireless/BlueNRG-2/HCI_TL/Basic/bluenrg1_events_cb.o
                0x000000000800ab9e                aci_l2cap_command_reject_event
 .text.aci_blue_initialized_event
                0x000000000800abc6       0x16 ./Middlewares/BlueNRG-2/Wireless/BlueNRG-2/HCI_TL/Basic/bluenrg1_events_cb.o
                0x000000000800abc6                aci_blue_initialized_event
 .text.aci_blue_events_lost_event
                0x000000000800abdc       0x14 ./Middlewares/BlueNRG-2/Wireless/BlueNRG-2/HCI_TL/Basic/bluenrg1_events_cb.o
                0x000000000800abdc                aci_blue_events_lost_event
 .text.aci_blue_crash_info_event
                0x000000000800abf0       0x1c ./Middlewares/BlueNRG-2/Wireless/BlueNRG-2/HCI_TL/Basic/bluenrg1_events_cb.o
                0x000000000800abf0                aci_blue_crash_info_event
 .text.aci_hal_end_of_radio_activity_event
                0x000000000800ac0c       0x1c ./Middlewares/BlueNRG-2/Wireless/BlueNRG-2/HCI_TL/Basic/bluenrg1_events_cb.o
                0x000000000800ac0c                aci_hal_end_of_radio_activity_event
 .text.aci_hal_scan_req_report_event
                0x000000000800ac28       0x1c ./Middlewares/BlueNRG-2/Wireless/BlueNRG-2/HCI_TL/Basic/bluenrg1_events_cb.o
                0x000000000800ac28                aci_hal_scan_req_report_event
 .text.aci_hal_fw_error_event
                0x000000000800ac44       0x1c ./Middlewares/BlueNRG-2/Wireless/BlueNRG-2/HCI_TL/Basic/bluenrg1_events_cb.o
                0x000000000800ac44                aci_hal_fw_error_event
 .text.hci_reset
                0x000000000800ac60       0x52 ./Middlewares/BlueNRG-2/Wireless/BlueNRG-2/HCI_TL/Basic/bluenrg1_hci_le.o
                0x000000000800ac60                hci_reset
 .text.hci_read_local_version_information
                0x000000000800acb2       0x8c ./Middlewares/BlueNRG-2/Wireless/BlueNRG-2/HCI_TL/Basic/bluenrg1_hci_le.o
                0x000000000800acb2                hci_read_local_version_information
 .text.hci_le_set_scan_response_data
                0x000000000800ad3e       0xf2 ./Middlewares/BlueNRG-2/Wireless/BlueNRG-2/HCI_TL/Basic/bluenrg1_hci_le.o
                0x000000000800ad3e                hci_le_set_scan_response_data
 .text.verify_packet
                0x000000000800ae30       0x40 ./Middlewares/BlueNRG-2/Wireless/BlueNRG-2/HCI_TL/Basic/hci_tl.o
 .text.send_cmd
                0x000000000800ae70       0x80 ./Middlewares/BlueNRG-2/Wireless/BlueNRG-2/HCI_TL/Basic/hci_tl.o
 .text.move_list
                0x000000000800aef0       0x38 ./Middlewares/BlueNRG-2/Wireless/BlueNRG-2/HCI_TL/Basic/hci_tl.o
 .text.free_event_list
                0x000000000800af28       0x3c ./Middlewares/BlueNRG-2/Wireless/BlueNRG-2/HCI_TL/Basic/hci_tl.o
 .text.hci_init
                0x000000000800af64       0x84 ./Middlewares/BlueNRG-2/Wireless/BlueNRG-2/HCI_TL/Basic/hci_tl.o
                0x000000000800af64                hci_init
 .text.hci_register_io_bus
                0x000000000800afe8       0x40 ./Middlewares/BlueNRG-2/Wireless/BlueNRG-2/HCI_TL/Basic/hci_tl.o
                0x000000000800afe8                hci_register_io_bus
 .text.hci_send_req
                0x000000000800b028      0x230 ./Middlewares/BlueNRG-2/Wireless/BlueNRG-2/HCI_TL/Basic/hci_tl.o
                0x000000000800b028                hci_send_req
 .text.hci_user_evt_proc
                0x000000000800b258       0x58 ./Middlewares/BlueNRG-2/Wireless/BlueNRG-2/HCI_TL/Basic/hci_tl.o
                0x000000000800b258                hci_user_evt_proc
 .text.hci_notify_asynch_evt
                0x000000000800b2b0       0x9c ./Middlewares/BlueNRG-2/Wireless/BlueNRG-2/HCI_TL/Basic/hci_tl.o
                0x000000000800b2b0                hci_notify_asynch_evt
 .text.list_init_head
                0x000000000800b34c       0x20 ./Middlewares/BlueNRG-2/Wireless/BlueNRG-2/Utils/ble_list.o
                0x000000000800b34c                list_init_head
 .text.list_is_empty
                0x000000000800b36c       0x44 ./Middlewares/BlueNRG-2/Wireless/BlueNRG-2/Utils/ble_list.o
                0x000000000800b36c                list_is_empty
 .text.list_insert_head
                0x000000000800b3b0       0x4c ./Middlewares/BlueNRG-2/Wireless/BlueNRG-2/Utils/ble_list.o
                0x000000000800b3b0                list_insert_head
 .text.list_insert_tail
                0x000000000800b3fc       0x4c ./Middlewares/BlueNRG-2/Wireless/BlueNRG-2/Utils/ble_list.o
                0x000000000800b3fc                list_insert_tail
 .text.list_remove_node
                0x000000000800b448       0x42 ./Middlewares/BlueNRG-2/Wireless/BlueNRG-2/Utils/ble_list.o
                0x000000000800b448                list_remove_node
 .text.list_remove_head
                0x000000000800b48a       0x4e ./Middlewares/BlueNRG-2/Wireless/BlueNRG-2/Utils/ble_list.o
                0x000000000800b48a                list_remove_head
 .text.list_remove_tail
                0x000000000800b4d8       0x4e ./Middlewares/BlueNRG-2/Wireless/BlueNRG-2/Utils/ble_list.o
                0x000000000800b4d8                list_remove_tail
 .text.list_get_size
                0x000000000800b526       0x50 ./Middlewares/BlueNRG-2/Wireless/BlueNRG-2/Utils/ble_list.o
                0x000000000800b526                list_get_size
 *fill*         0x000000000800b576        0x2 
 .text.srand    0x000000000800b578       0x5c C:/ST/STM32CubeIDE_1.14.1/STM32CubeIDE/plugins/com.st.stm32cube.ide.mcu.externaltools.gnu-tools-for-stm32.11.3.rel1.win32_1.1.100.202309141235/tools/bin/../lib/gcc/arm-none-eabi/11.3.1/../../../../arm-none-eabi/lib/thumb/v7e-m+fp/hard\libc_nano.a(libc_a-rand.o)
                0x000000000800b578                srand
 .text.rand     0x000000000800b5d4       0x7c C:/ST/STM32CubeIDE_1.14.1/STM32CubeIDE/plugins/com.st.stm32cube.ide.mcu.externaltools.gnu-tools-for-stm32.11.3.rel1.win32_1.1.100.202309141235/tools/bin/../lib/gcc/arm-none-eabi/11.3.1/../../../../arm-none-eabi/lib/thumb/v7e-m+fp/hard\libc_nano.a(libc_a-rand.o)
                0x000000000800b5d4                rand
 .text.__cvt    0x000000000800b650       0xc4 C:/ST/STM32CubeIDE_1.14.1/STM32CubeIDE/plugins/com.st.stm32cube.ide.mcu.externaltools.gnu-tools-for-stm32.11.3.rel1.win32_1.1.100.202309141235/tools/bin/../lib/gcc/arm-none-eabi/11.3.1/../../../../arm-none-eabi/lib/thumb/v7e-m+fp/hard\libc_nano.a(libc_a-nano-vfprintf_float.o)
                0x000000000800b650                __cvt
 .text.__exponent
                0x000000000800b714       0x7c C:/ST/STM32CubeIDE_1.14.1/STM32CubeIDE/plugins/com.st.stm32cube.ide.mcu.externaltools.gnu-tools-for-stm32.11.3.rel1.win32_1.1.100.202309141235/tools/bin/../lib/gcc/arm-none-eabi/11.3.1/../../../../arm-none-eabi/lib/thumb/v7e-m+fp/hard\libc_nano.a(libc_a-nano-vfprintf_float.o)
                0x000000000800b714                __exponent
 .text._printf_float
                0x000000000800b790      0x46c C:/ST/STM32CubeIDE_1.14.1/STM32CubeIDE/plugins/com.st.stm32cube.ide.mcu.externaltools.gnu-tools-for-stm32.11.3.rel1.win32_1.1.100.202309141235/tools/bin/../lib/gcc/arm-none-eabi/11.3.1/../../../../arm-none-eabi/lib/thumb/v7e-m+fp/hard\libc_nano.a(libc_a-nano-vfprintf_float.o)
                0x000000000800b790                _printf_float
 .text._printf_common
                0x000000000800bbfc       0xda C:/ST/STM32CubeIDE_1.14.1/STM32CubeIDE/plugins/com.st.stm32cube.ide.mcu.externaltools.gnu-tools-for-stm32.11.3.rel1.win32_1.1.100.202309141235/tools/bin/../lib/gcc/arm-none-eabi/11.3.1/../../../../arm-none-eabi/lib/thumb/v7e-m+fp/hard\libc_nano.a(libc_a-nano-vfprintf_i.o)
                0x000000000800bbfc                _printf_common
 *fill*         0x000000000800bcd6        0x2 
 .text._printf_i
                0x000000000800bcd8      0x244 C:/ST/STM32CubeIDE_1.14.1/STM32CubeIDE/plugins/com.st.stm32cube.ide.mcu.externaltools.gnu-tools-for-stm32.11.3.rel1.win32_1.1.100.202309141235/tools/bin/../lib/gcc/arm-none-eabi/11.3.1/../../../../arm-none-eabi/lib/thumb/v7e-m+fp/hard\libc_nano.a(libc_a-nano-vfprintf_i.o)
                0x000000000800bcd8                _printf_i
 .text.std      0x000000000800bf1c       0x6c C:/ST/STM32CubeIDE_1.14.1/STM32CubeIDE/plugins/com.st.stm32cube.ide.mcu.externaltools.gnu-tools-for-stm32.11.3.rel1.win32_1.1.100.202309141235/tools/bin/../lib/gcc/arm-none-eabi/11.3.1/../../../../arm-none-eabi/lib/thumb/v7e-m+fp/hard\libc_nano.a(libc_a-findfp.o)
 .text.stdio_exit_handler
                0x000000000800bf88       0x18 C:/ST/STM32CubeIDE_1.14.1/STM32CubeIDE/plugins/com.st.stm32cube.ide.mcu.externaltools.gnu-tools-for-stm32.11.3.rel1.win32_1.1.100.202309141235/tools/bin/../lib/gcc/arm-none-eabi/11.3.1/../../../../arm-none-eabi/lib/thumb/v7e-m+fp/hard\libc_nano.a(libc_a-findfp.o)
 .text.cleanup_stdio
                0x000000000800bfa0       0x40 C:/ST/STM32CubeIDE_1.14.1/STM32CubeIDE/plugins/com.st.stm32cube.ide.mcu.externaltools.gnu-tools-for-stm32.11.3.rel1.win32_1.1.100.202309141235/tools/bin/../lib/gcc/arm-none-eabi/11.3.1/../../../../arm-none-eabi/lib/thumb/v7e-m+fp/hard\libc_nano.a(libc_a-findfp.o)
 .text.global_stdio_init.part.0
                0x000000000800bfe0       0x3c C:/ST/STM32CubeIDE_1.14.1/STM32CubeIDE/plugins/com.st.stm32cube.ide.mcu.externaltools.gnu-tools-for-stm32.11.3.rel1.win32_1.1.100.202309141235/tools/bin/../lib/gcc/arm-none-eabi/11.3.1/../../../../arm-none-eabi/lib/thumb/v7e-m+fp/hard\libc_nano.a(libc_a-findfp.o)
 .text.__sfp_lock_acquire
                0x000000000800c01c        0xc C:/ST/STM32CubeIDE_1.14.1/STM32CubeIDE/plugins/com.st.stm32cube.ide.mcu.externaltools.gnu-tools-for-stm32.11.3.rel1.win32_1.1.100.202309141235/tools/bin/../lib/gcc/arm-none-eabi/11.3.1/../../../../arm-none-eabi/lib/thumb/v7e-m+fp/hard\libc_nano.a(libc_a-findfp.o)
                0x000000000800c01c                __sfp_lock_acquire
 .text.__sfp_lock_release
                0x000000000800c028        0xc C:/ST/STM32CubeIDE_1.14.1/STM32CubeIDE/plugins/com.st.stm32cube.ide.mcu.externaltools.gnu-tools-for-stm32.11.3.rel1.win32_1.1.100.202309141235/tools/bin/../lib/gcc/arm-none-eabi/11.3.1/../../../../arm-none-eabi/lib/thumb/v7e-m+fp/hard\libc_nano.a(libc_a-findfp.o)
                0x000000000800c028                __sfp_lock_release
 .text.__sinit  0x000000000800c034       0x30 C:/ST/STM32CubeIDE_1.14.1/STM32CubeIDE/plugins/com.st.stm32cube.ide.mcu.externaltools.gnu-tools-for-stm32.11.3.rel1.win32_1.1.100.202309141235/tools/bin/../lib/gcc/arm-none-eabi/11.3.1/../../../../arm-none-eabi/lib/thumb/v7e-m+fp/hard\libc_nano.a(libc_a-findfp.o)
                0x000000000800c034                __sinit
 .text._fwalk_sglue
                0x000000000800c064       0x3c C:/ST/STM32CubeIDE_1.14.1/STM32CubeIDE/plugins/com.st.stm32cube.ide.mcu.externaltools.gnu-tools-for-stm32.11.3.rel1.win32_1.1.100.202309141235/tools/bin/../lib/gcc/arm-none-eabi/11.3.1/../../../../arm-none-eabi/lib/thumb/v7e-m+fp/hard\libc_nano.a(libc_a-fwalk.o)
                0x000000000800c064                _fwalk_sglue
 .text.sprintf  0x000000000800c0a0       0x40 C:/ST/STM32CubeIDE_1.14.1/STM32CubeIDE/plugins/com.st.stm32cube.ide.mcu.externaltools.gnu-tools-for-stm32.11.3.rel1.win32_1.1.100.202309141235/tools/bin/../lib/gcc/arm-none-eabi/11.3.1/../../../../arm-none-eabi/lib/thumb/v7e-m+fp/hard\libc_nano.a(libc_a-sprintf.o)
                0x000000000800c0a0                siprintf
                0x000000000800c0a0                sprintf
 .text.__sread  0x000000000800c0e0       0x22 C:/ST/STM32CubeIDE_1.14.1/STM32CubeIDE/plugins/com.st.stm32cube.ide.mcu.externaltools.gnu-tools-for-stm32.11.3.rel1.win32_1.1.100.202309141235/tools/bin/../lib/gcc/arm-none-eabi/11.3.1/../../../../arm-none-eabi/lib/thumb/v7e-m+fp/hard\libc_nano.a(libc_a-stdio.o)
                0x000000000800c0e0                __sread
 .text.__swrite
                0x000000000800c102       0x38 C:/ST/STM32CubeIDE_1.14.1/STM32CubeIDE/plugins/com.st.stm32cube.ide.mcu.externaltools.gnu-tools-for-stm32.11.3.rel1.win32_1.1.100.202309141235/tools/bin/../lib/gcc/arm-none-eabi/11.3.1/../../../../arm-none-eabi/lib/thumb/v7e-m+fp/hard\libc_nano.a(libc_a-stdio.o)
                0x000000000800c102                __swrite
 .text.__sseek  0x000000000800c13a       0x24 C:/ST/STM32CubeIDE_1.14.1/STM32CubeIDE/plugins/com.st.stm32cube.ide.mcu.externaltools.gnu-tools-for-stm32.11.3.rel1.win32_1.1.100.202309141235/tools/bin/../lib/gcc/arm-none-eabi/11.3.1/../../../../arm-none-eabi/lib/thumb/v7e-m+fp/hard\libc_nano.a(libc_a-stdio.o)
                0x000000000800c13a                __sseek
 .text.__sclose
                0x000000000800c15e        0x8 C:/ST/STM32CubeIDE_1.14.1/STM32CubeIDE/plugins/com.st.stm32cube.ide.mcu.externaltools.gnu-tools-for-stm32.11.3.rel1.win32_1.1.100.202309141235/tools/bin/../lib/gcc/arm-none-eabi/11.3.1/../../../../arm-none-eabi/lib/thumb/v7e-m+fp/hard\libc_nano.a(libc_a-stdio.o)
                0x000000000800c15e                __sclose
 .text.memset   0x000000000800c166       0x10 C:/ST/STM32CubeIDE_1.14.1/STM32CubeIDE/plugins/com.st.stm32cube.ide.mcu.externaltools.gnu-tools-for-stm32.11.3.rel1.win32_1.1.100.202309141235/tools/bin/../lib/gcc/arm-none-eabi/11.3.1/../../../../arm-none-eabi/lib/thumb/v7e-m+fp/hard\libc_nano.a(libc_a-memset.o)
                0x000000000800c166                memset
 *fill*         0x000000000800c176        0x2 
 .text._localeconv_r
                0x000000000800c178        0x8 C:/ST/STM32CubeIDE_1.14.1/STM32CubeIDE/plugins/com.st.stm32cube.ide.mcu.externaltools.gnu-tools-for-stm32.11.3.rel1.win32_1.1.100.202309141235/tools/bin/../lib/gcc/arm-none-eabi/11.3.1/../../../../arm-none-eabi/lib/thumb/v7e-m+fp/hard\libc_nano.a(libc_a-localeconv.o)
                0x000000000800c178                _localeconv_r
 .text._close_r
                0x000000000800c180       0x20 C:/ST/STM32CubeIDE_1.14.1/STM32CubeIDE/plugins/com.st.stm32cube.ide.mcu.externaltools.gnu-tools-for-stm32.11.3.rel1.win32_1.1.100.202309141235/tools/bin/../lib/gcc/arm-none-eabi/11.3.1/../../../../arm-none-eabi/lib/thumb/v7e-m+fp/hard\libc_nano.a(libc_a-closer.o)
                0x000000000800c180                _close_r
 .text._lseek_r
                0x000000000800c1a0       0x24 C:/ST/STM32CubeIDE_1.14.1/STM32CubeIDE/plugins/com.st.stm32cube.ide.mcu.externaltools.gnu-tools-for-stm32.11.3.rel1.win32_1.1.100.202309141235/tools/bin/../lib/gcc/arm-none-eabi/11.3.1/../../../../arm-none-eabi/lib/thumb/v7e-m+fp/hard\libc_nano.a(libc_a-lseekr.o)
                0x000000000800c1a0                _lseek_r
 .text._read_r  0x000000000800c1c4       0x24 C:/ST/STM32CubeIDE_1.14.1/STM32CubeIDE/plugins/com.st.stm32cube.ide.mcu.externaltools.gnu-tools-for-stm32.11.3.rel1.win32_1.1.100.202309141235/tools/bin/../lib/gcc/arm-none-eabi/11.3.1/../../../../arm-none-eabi/lib/thumb/v7e-m+fp/hard\libc_nano.a(libc_a-readr.o)
                0x000000000800c1c4                _read_r
 .text._write_r
                0x000000000800c1e8       0x24 C:/ST/STM32CubeIDE_1.14.1/STM32CubeIDE/plugins/com.st.stm32cube.ide.mcu.externaltools.gnu-tools-for-stm32.11.3.rel1.win32_1.1.100.202309141235/tools/bin/../lib/gcc/arm-none-eabi/11.3.1/../../../../arm-none-eabi/lib/thumb/v7e-m+fp/hard\libc_nano.a(libc_a-writer.o)
                0x000000000800c1e8                _write_r
 .text.__errno  0x000000000800c20c        0xc C:/ST/STM32CubeIDE_1.14.1/STM32CubeIDE/plugins/com.st.stm32cube.ide.mcu.externaltools.gnu-tools-for-stm32.11.3.rel1.win32_1.1.100.202309141235/tools/bin/../lib/gcc/arm-none-eabi/11.3.1/../../../../arm-none-eabi/lib/thumb/v7e-m+fp/hard\libc_nano.a(libc_a-errno.o)
                0x000000000800c20c                __errno
 .text.__libc_init_array