C:/Users/taouf/OneDrive/Documents/LE/Test/SensorDemo_BLE_l476RG/Src/app_bluenrg_2.c:113:7:linear_interpolation	16	static
C:/Users/taouf/OneDrive/Documents/LE/Test/SensorDemo_BLE_l476RG/Src/app_bluenrg_2.c:139:6:MX_BlueNRG_2_Init	16	static
C:/Users/taouf/OneDrive/Documents/LE/Test/SensorDemo_BLE_l476RG/Src/app_bluenrg_2.c:236:6:MX_BlueNRG_2_Process	8	static
C:/Users/taouf/OneDrive/Documents/LE/Test/SensorDemo_BLE_l476RG/Src/app_bluenrg_2.c:256:13:User_Init	8	static
C:/Users/taouf/OneDrive/Documents/LE/Test/SensorDemo_BLE_l476RG/Src/app_bluenrg_2.c:270:9:Sensor_DeviceInit	56	static
C:/Users/taouf/OneDrive/Documents/LE/Test/SensorDemo_BLE_l476RG/Src/app_bluenrg_2.c:408:13:User_Process	24	static
C:/Users/taouf/OneDrive/Documents/LE/Test/SensorDemo_BLE_l476RG/Src/app_bluenrg_2.c:477:13:Set_Random_Environmental_Values	48	static
C:/Users/taouf/OneDrive/Documents/LE/Test/SensorDemo_BLE_l476RG/Src/app_bluenrg_2.c:483:6:read_temperature_and_pression	32	static
C:/Users/taouf/OneDrive/Documents/LE/Test/SensorDemo_BLE_l476RG/Src/app_bluenrg_2.c:542:13:Set_Random_Motion_Values	1032	static
C:/Users/taouf/OneDrive/Documents/LE/Test/SensorDemo_BLE_l476RG/Src/app_bluenrg_2.c:583:13:Reset_Motion_Values	4	static
C:/Users/taouf/OneDrive/Documents/LE/Test/SensorDemo_BLE_l476RG/Src/app_bluenrg_2.c:606:9:getBlueNRGVersion	48	static
C:/Users/taouf/OneDrive/Documents/LE/Test/SensorDemo_BLE_l476RG/Src/app_bluenrg_2.c:630:6:BSP_PB_Callback	16	static
C:/Users/taouf/OneDrive/Documents/LE/Test/SensorDemo_BLE_l476RG/Src/app_bluenrg_2.c:637:16:platform_write	40	static
C:/Users/taouf/OneDrive/Documents/LE/Test/SensorDemo_BLE_l476RG/Src/app_bluenrg_2.c:647:16:platform_read	40	static
C:/Users/taouf/OneDrive/Documents/LE/Test/SensorDemo_BLE_l476RG/Src/app_bluenrg_2.c:657:16:platform_write_lps	40	static
C:/Users/taouf/OneDrive/Documents/LE/Test/SensorDemo_BLE_l476RG/Src/app_bluenrg_2.c:666:16:platform_read_lps	40	static
C:/Users/taouf/OneDrive/Documents/LE/Test/SensorDemo_BLE_l476RG/Src/app_bluenrg_2.c:681:6:hci_le_connection_complete_event	24	static
C:/Users/taouf/OneDrive/Documents/LE/Test/SensorDemo_BLE_l476RG/Src/app_bluenrg_2.c:703:6:hci_disconnection_complete_event	16	static
C:/Users/taouf/OneDrive/Documents/LE/Test/SensorDemo_BLE_l476RG/Src/app_bluenrg_2.c:722:6:aci_gatt_read_permit_req_event	16	static
